Archive member included to satisfy reference by file (symbol)

c:/program files (x86)/embitz/1.11/share/em_armgcc/bin/../lib/gcc/arm-none-eabi/5.4.1/../../../../arm-none-eabi/lib/armv7-m\libc.a(lib_a-exit.o)
                              c:/program files (x86)/embitz/1.11/share/em_armgcc/bin/../lib/gcc/arm-none-eabi/5.4.1/../../../../arm-none-eabi/lib/armv7-m/crt0.o (exit)
c:/program files (x86)/embitz/1.11/share/em_armgcc/bin/../lib/gcc/arm-none-eabi/5.4.1/../../../../arm-none-eabi/lib/armv7-m\libc.a(lib_a-impure.o)
                              c:/program files (x86)/embitz/1.11/share/em_armgcc/bin/../lib/gcc/arm-none-eabi/5.4.1/../../../../arm-none-eabi/lib/armv7-m\libc.a(lib_a-exit.o) (_global_impure_ptr)
c:/program files (x86)/embitz/1.11/share/em_armgcc/bin/../lib/gcc/arm-none-eabi/5.4.1/../../../../arm-none-eabi/lib/armv7-m\libc.a(lib_a-init.o)
                              c:/program files (x86)/embitz/1.11/share/em_armgcc/bin/../lib/gcc/arm-none-eabi/5.4.1/../../../../arm-none-eabi/lib/armv7-m/crt0.o (__libc_init_array)
c:/program files (x86)/embitz/1.11/share/em_armgcc/bin/../lib/gcc/arm-none-eabi/5.4.1/../../../../arm-none-eabi/lib/armv7-m\libc.a(lib_a-memset.o)
                              c:/program files (x86)/embitz/1.11/share/em_armgcc/bin/../lib/gcc/arm-none-eabi/5.4.1/../../../../arm-none-eabi/lib/armv7-m/crt0.o (memset)
c:/program files (x86)/embitz/1.11/share/em_armgcc/bin/../lib/gcc/arm-none-eabi/5.4.1/../../../../arm-none-eabi/lib/armv7-m\libc.a(lib_a-__call_atexit.o)
                              c:/program files (x86)/embitz/1.11/share/em_armgcc/bin/../lib/gcc/arm-none-eabi/5.4.1/../../../../arm-none-eabi/lib/armv7-m\libc.a(lib_a-exit.o) (__call_exitprocs)
c:/program files (x86)/embitz/1.11/share/em_armgcc/bin/../lib/gcc/arm-none-eabi/5.4.1/../../../../arm-none-eabi/lib/armv7-m\libc.a(lib_a-atexit.o)
                              c:/program files (x86)/embitz/1.11/share/em_armgcc/bin/../lib/gcc/arm-none-eabi/5.4.1/../../../../arm-none-eabi/lib/armv7-m\libc.a(lib_a-__call_atexit.o) (atexit)
c:/program files (x86)/embitz/1.11/share/em_armgcc/bin/../lib/gcc/arm-none-eabi/5.4.1/../../../../arm-none-eabi/lib/armv7-m\libc.a(lib_a-fini.o)
                              c:/program files (x86)/embitz/1.11/share/em_armgcc/bin/../lib/gcc/arm-none-eabi/5.4.1/../../../../arm-none-eabi/lib/armv7-m\libc.a(lib_a-__call_atexit.o) (__libc_fini_array)
c:/program files (x86)/embitz/1.11/share/em_armgcc/bin/../lib/gcc/arm-none-eabi/5.4.1/../../../../arm-none-eabi/lib/armv7-m\libc.a(lib_a-__atexit.o)
                              c:/program files (x86)/embitz/1.11/share/em_armgcc/bin/../lib/gcc/arm-none-eabi/5.4.1/../../../../arm-none-eabi/lib/armv7-m\libc.a(lib_a-atexit.o) (__register_exitproc)
c:/program files (x86)/embitz/1.11/share/em_armgcc/bin/../lib/gcc/arm-none-eabi/5.4.1/../../../../arm-none-eabi/lib/armv7-m\libg_n.a(lib_a-errno.o)
                              obj\debug\src\syscalls.o (__errno)

Allocating common symbols
Common symbol       size              file

hUsbDeviceFS        0x2c4             obj\debug\src\usb_device.o
hhids               0x20              obj\debug\src\main.o
uwTick              0x4               obj\debug\drivers\stm32f1xx_hal_driver\src\stm32f1xx_hal.o
pFlash              0x20              obj\debug\drivers\stm32f1xx_hal_driver\src\stm32f1xx_hal_flash.o
PS2_InterfaceMap    0x8               obj\debug\middlewares\st\stm32_usb_device_library\class\hid\src\usbd_hid.o
ps2_1               0x90              obj\debug\src\main.o
ps2_2               0x90              obj\debug\src\main.o
hpcd_USB_FS         0x2ec             obj\debug\src\usbd_conf.o
USBD_StrDesc        0x80              obj\debug\src\usbd_desc.o

Discarded input sections

 .text          0x00000000        0x0 c:/program files (x86)/embitz/1.11/share/em_armgcc/bin/../lib/gcc/arm-none-eabi/5.4.1/armv7-m/crti.o
 .data          0x00000000        0x0 c:/program files (x86)/embitz/1.11/share/em_armgcc/bin/../lib/gcc/arm-none-eabi/5.4.1/armv7-m/crti.o
 .bss           0x00000000        0x0 c:/program files (x86)/embitz/1.11/share/em_armgcc/bin/../lib/gcc/arm-none-eabi/5.4.1/armv7-m/crti.o
 .data          0x00000000        0x4 c:/program files (x86)/embitz/1.11/share/em_armgcc/bin/../lib/gcc/arm-none-eabi/5.4.1/armv7-m/crtbegin.o
 .text          0x00000000       0x74 c:/program files (x86)/embitz/1.11/share/em_armgcc/bin/../lib/gcc/arm-none-eabi/5.4.1/../../../../arm-none-eabi/lib/armv7-m/crt0.o
 .data          0x00000000        0x0 c:/program files (x86)/embitz/1.11/share/em_armgcc/bin/../lib/gcc/arm-none-eabi/5.4.1/../../../../arm-none-eabi/lib/armv7-m/crt0.o
 .bss           0x00000000        0x0 c:/program files (x86)/embitz/1.11/share/em_armgcc/bin/../lib/gcc/arm-none-eabi/5.4.1/../../../../arm-none-eabi/lib/armv7-m/crt0.o
 .ARM.extab     0x00000000        0x0 c:/program files (x86)/embitz/1.11/share/em_armgcc/bin/../lib/gcc/arm-none-eabi/5.4.1/../../../../arm-none-eabi/lib/armv7-m/crt0.o
[...]
Memory Configuration

Name             Origin             Length             Attributes
RAM              0x20000000         0x00005000         xrw
FLASH            0x08000000         0x00010000         xr
*default*        0x00000000         0xffffffff

Linker script and memory map

LOAD c:/program files (x86)/embitz/1.11/share/em_armgcc/bin/../lib/gcc/arm-none-eabi/5.4.1/armv7-m/crti.o
LOAD c:/program files (x86)/embitz/1.11/share/em_armgcc/bin/../lib/gcc/arm-none-eabi/5.4.1/armv7-m/crtbegin.o
LOAD c:/program files (x86)/embitz/1.11/share/em_armgcc/bin/../lib/gcc/arm-none-eabi/5.4.1/../../../../arm-none-eabi/lib/armv7-m/crt0.o
                0x00000000                __HEAP_SIZE = 0x0
                0x00000000                __STACK_SIZE = 0x0
                0x20005000                _estack = (ORIGIN (RAM) + LENGTH (RAM))
                0x00000200                _Min_Heap_Size = 0x200
                0x00000400                _Min_Stack_Size = 0x400

.isr_vector     0x08000000      0x10c
                0x08000000                . = ALIGN (0x4)
 *(.isr_vector)
 .isr_vector    0x08000000      0x10c obj\debug\startup\startup_stm32f103c8tx.o
                0x08000000                g_pfnVectors
                0x0800010c                . = ALIGN (0x4)

.text           0x0800010c     0x8160
                0x0800010c                . = ALIGN (0x4)
 *(.text)
 .text          0x0800010c       0x5c c:/program files (x86)/embitz/1.11/share/em_armgcc/bin/../lib/gcc/arm-none-eabi/5.4.1/armv7-m/crtbegin.o
 *(.text*)
 .text.__libc_init_array
                0x08000168       0x50 c:/program files (x86)/embitz/1.11/share/em_armgcc/bin/../lib/gcc/arm-none-eabi/5.4.1/../../../../arm-none-eabi/lib/armv7-m\libc.a(lib_a-init.o)
                0x08000168                __libc_init_array
 .text.memset   0x080001b8       0x9c c:/program files (x86)/embitz/1.11/share/em_armgcc/bin/../lib/gcc/arm-none-eabi/5.4.1/../../../../arm-none-eabi/lib/armv7-m\libc.a(lib_a-memset.o)
                0x080001b8                memset
 .text.startup.register_fini
                0x08000254       0x14 c:/program files (x86)/embitz/1.11/share/em_armgcc/bin/../lib/gcc/arm-none-eabi/5.4.1/../../../../arm-none-eabi/lib/armv7-m\libc.a(lib_a-__call_atexit.o)
 .text.atexit   0x08000268        0xc c:/program files (x86)/embitz/1.11/share/em_armgcc/bin/../lib/gcc/arm-none-eabi/5.4.1/../../../../arm-none-eabi/lib/armv7-m\libc.a(lib_a-atexit.o)
                0x08000268                atexit
 .text.__libc_fini_array
                0x08000274       0x28 c:/program files (x86)/embitz/1.11/share/em_armgcc/bin/../lib/gcc/arm-none-eabi/5.4.1/../../../../arm-none-eabi/lib/armv7-m\libc.a(lib_a-fini.o)
                0x08000274                __libc_fini_array
 .text.__register_exitproc
                0x0800029c       0xa4 c:/program files (x86)/embitz/1.11/share/em_armgcc/bin/../lib/gcc/arm-none-eabi/5.4.1/../../../../arm-none-eabi/lib/armv7-m\libc.a(lib_a-__atexit.o)
                0x0800029c                __register_exitproc
 .text.HAL_Init
                0x08000340       0x2c obj\debug\drivers\stm32f1xx_hal_driver\src\stm32f1xx_hal.o
                0x08000340                HAL_Init
 .text.HAL_InitTick
                0x0800036c       0x60 obj\debug\drivers\stm32f1xx_hal_driver\src\stm32f1xx_hal.o
                0x0800036c                HAL_InitTick
 .text.HAL_IncTick
                0x080003cc       0x24 obj\debug\drivers\stm32f1xx_hal_driver\src\stm32f1xx_hal.o
                0x080003cc                HAL_IncTick
 .text.HAL_GetTick
                0x080003f0       0x14 obj\debug\drivers\stm32f1xx_hal_driver\src\stm32f1xx_hal.o
                0x080003f0                HAL_GetTick
 .text.HAL_Delay
                0x08000404       0x44 obj\debug\drivers\stm32f1xx_hal_driver\src\stm32f1xx_hal.o
                0x08000404                HAL_Delay
 .text.__NVIC_SetPriorityGrouping
                0x08000448       0x48 obj\debug\drivers\stm32f1xx_hal_driver\src\stm32f1xx_hal_cortex.o
 .text.__NVIC_GetPriorityGrouping
                0x08000490       0x1c obj\debug\drivers\stm32f1xx_hal_driver\src\stm32f1xx_hal_cortex.o
 .text.__NVIC_EnableIRQ
                0x080004ac       0x38 obj\debug\drivers\stm32f1xx_hal_driver\src\stm32f1xx_hal_cortex.o
 .text.__NVIC_SetPriority
                0x080004e4       0x54 obj\debug\drivers\stm32f1xx_hal_driver\src\stm32f1xx_hal_cortex.o
 .text.NVIC_EncodePriority
                0x08000538       0x60 obj\debug\drivers\stm32f1xx_hal_driver\src\stm32f1xx_hal_cortex.o
 .text.SysTick_Config
                0x08000598       0x44 obj\debug\drivers\stm32f1xx_hal_driver\src\stm32f1xx_hal_cortex.o
 .text.HAL_NVIC_SetPriorityGrouping
                0x080005dc       0x18 obj\debug\drivers\stm32f1xx_hal_driver\src\stm32f1xx_hal_cortex.o
                0x080005dc                HAL_NVIC_SetPriorityGrouping
 .text.HAL_NVIC_SetPriority
                0x080005f4       0x38 obj\debug\drivers\stm32f1xx_hal_driver\src\stm32f1xx_hal_cortex.o
                0x080005f4                HAL_NVIC_SetPriority
 .text.HAL_NVIC_EnableIRQ
                0x0800062c       0x1c obj\debug\drivers\stm32f1xx_hal_driver\src\stm32f1xx_hal_cortex.o
                0x0800062c                HAL_NVIC_EnableIRQ
 .text.HAL_SYSTICK_Config
                0x08000648       0x18 obj\debug\drivers\stm32f1xx_hal_driver\src\stm32f1xx_hal_cortex.o
                0x08000648                HAL_SYSTICK_Config
 .text.HAL_GPIO_Init
                0x08000660      0x2b4 obj\debug\drivers\stm32f1xx_hal_driver\src\stm32f1xx_hal_gpio.o
                0x08000660                HAL_GPIO_Init
 .text.HAL_GPIO_ReadPin
                0x08000914       0x30 obj\debug\drivers\stm32f1xx_hal_driver\src\stm32f1xx_hal_gpio.o
                0x08000914                HAL_GPIO_ReadPin
 .text.HAL_GPIO_WritePin
                0x08000944       0x30 obj\debug\drivers\stm32f1xx_hal_driver\src\stm32f1xx_hal_gpio.o
                0x08000944                HAL_GPIO_WritePin
 .text.HAL_GPIO_TogglePin
                0x08000974       0x34 obj\debug\drivers\stm32f1xx_hal_driver\src\stm32f1xx_hal_gpio.o
                0x08000974                HAL_GPIO_TogglePin
 .text.HAL_GPIO_EXTI_IRQHandler
                0x080009a8       0x30 obj\debug\drivers\stm32f1xx_hal_driver\src\stm32f1xx_hal_gpio.o
                0x080009a8                HAL_GPIO_EXTI_IRQHandler
 .text.HAL_PCD_Init
                0x080009d8      0x218 obj\debug\drivers\stm32f1xx_hal_driver\src\stm32f1xx_hal_pcd.o
                0x080009d8                HAL_PCD_Init
 .text.HAL_PCD_Start
                0x08000bf0       0x4c obj\debug\drivers\stm32f1xx_hal_driver\src\stm32f1xx_hal_pcd.o
                0x08000bf0                HAL_PCD_Start
 .text.HAL_PCD_IRQHandler
                0x08000c3c      0x29c obj\debug\drivers\stm32f1xx_hal_driver\src\stm32f1xx_hal_pcd.o
                0x08000c3c                HAL_PCD_IRQHandler
 .text.HAL_PCD_SetAddress
                0x08000ed8       0x4c obj\debug\drivers\stm32f1xx_hal_driver\src\stm32f1xx_hal_pcd.o
                0x08000ed8                HAL_PCD_SetAddress
 .text.HAL_PCD_EP_Open
                0x08000f24       0xcc obj\debug\drivers\stm32f1xx_hal_driver\src\stm32f1xx_hal_pcd.o
                0x08000f24                HAL_PCD_EP_Open
 .text.HAL_PCD_EP_Close
                0x08000ff0       0x90 obj\debug\drivers\stm32f1xx_hal_driver\src\stm32f1xx_hal_pcd.o
                0x08000ff0                HAL_PCD_EP_Close
 .text.HAL_PCD_EP_Receive
                0x08001080       0x7c obj\debug\drivers\stm32f1xx_hal_driver\src\stm32f1xx_hal_pcd.o
                0x08001080                HAL_PCD_EP_Receive
 .text.HAL_PCD_EP_Transmit
                0x080010fc       0x88 obj\debug\drivers\stm32f1xx_hal_driver\src\stm32f1xx_hal_pcd.o
                0x080010fc                HAL_PCD_EP_Transmit
 .text.HAL_PCD_EP_SetStall
                0x08001184       0xc0 obj\debug\drivers\stm32f1xx_hal_driver\src\stm32f1xx_hal_pcd.o
                0x08001184                HAL_PCD_EP_SetStall
 .text.HAL_PCD_EP_ClrStall
                0x08001244       0xa8 obj\debug\drivers\stm32f1xx_hal_driver\src\stm32f1xx_hal_pcd.o
                0x08001244                HAL_PCD_EP_ClrStall
 .text.PCD_EP_ISR_Handler
                0x080012ec      0x5e8 obj\debug\drivers\stm32f1xx_hal_driver\src\stm32f1xx_hal_pcd.o
 .text.HAL_PCD_EP_DB_Receive
                0x080018d4      0x21c obj\debug\drivers\stm32f1xx_hal_driver\src\stm32f1xx_hal_pcd.o
 .text.HAL_PCD_EP_DB_Transmit
                0x08001af0      0x558 obj\debug\drivers\stm32f1xx_hal_driver\src\stm32f1xx_hal_pcd.o
 .text.HAL_PCDEx_PMAConfig
                0x08002048       0x84 obj\debug\drivers\stm32f1xx_hal_driver\src\stm32f1xx_hal_pcd_ex.o
                0x08002048                HAL_PCDEx_PMAConfig
 .text.HAL_RCC_OscConfig
                0x080020cc      0x4fc obj\debug\drivers\stm32f1xx_hal_driver\src\stm32f1xx_hal_rcc.o
                0x080020cc                HAL_RCC_OscConfig
 .text.HAL_RCC_ClockConfig
                0x080025c8      0x1d4 obj\debug\drivers\stm32f1xx_hal_driver\src\stm32f1xx_hal_rcc.o
                0x080025c8                HAL_RCC_ClockConfig
 .text.HAL_RCC_GetSysClockFreq
                0x0800279c       0xc8 obj\debug\drivers\stm32f1xx_hal_driver\src\stm32f1xx_hal_rcc.o
                0x0800279c                HAL_RCC_GetSysClockFreq
 .text.HAL_RCC_GetHCLKFreq
                0x08002864       0x14 obj\debug\drivers\stm32f1xx_hal_driver\src\stm32f1xx_hal_rcc.o
                0x08002864                HAL_RCC_GetHCLKFreq
 .text.RCC_Delay
                0x08002878       0x3c obj\debug\drivers\stm32f1xx_hal_driver\src\stm32f1xx_hal_rcc.o
 .text.HAL_RCCEx_PeriphCLKConfig
                0x080028b4      0x16c obj\debug\drivers\stm32f1xx_hal_driver\src\stm32f1xx_hal_rcc_ex.o
                0x080028b4                HAL_RCCEx_PeriphCLKConfig
 .text.USB_CoreInit
                0x08002a20       0x20 obj\debug\drivers\stm32f1xx_hal_driver\src\stm32f1xx_ll_usb.o
                0x08002a20                USB_CoreInit
 .text.USB_EnableGlobalInt
                0x08002a40       0x2c obj\debug\drivers\stm32f1xx_hal_driver\src\stm32f1xx_ll_usb.o
                0x08002a40                USB_EnableGlobalInt
 .text.USB_DisableGlobalInt
                0x08002a6c       0x34 obj\debug\drivers\stm32f1xx_hal_driver\src\stm32f1xx_ll_usb.o
                0x08002a6c                USB_DisableGlobalInt
 .text.USB_SetCurrentMode
                0x08002aa0       0x18 obj\debug\drivers\stm32f1xx_hal_driver\src\stm32f1xx_ll_usb.o
                0x08002aa0                USB_SetCurrentMode
 .text.USB_DevInit
                0x08002ab8       0x40 obj\debug\drivers\stm32f1xx_hal_driver\src\stm32f1xx_ll_usb.o
                0x08002ab8                USB_DevInit
 .text.USB_ActivateEndpoint
                0x08002af8      0x6c0 obj\debug\drivers\stm32f1xx_hal_driver\src\stm32f1xx_ll_usb.o
                0x08002af8                USB_ActivateEndpoint
 .text.USB_DeactivateEndpoint
                0x080031b8      0x3d8 obj\debug\drivers\stm32f1xx_hal_driver\src\stm32f1xx_ll_usb.o
                0x080031b8                USB_DeactivateEndpoint
 .text.USB_EPStartXfer
                0x08003590     0x122c obj\debug\drivers\stm32f1xx_hal_driver\src\stm32f1xx_ll_usb.o
                0x08003590                USB_EPStartXfer
 .text.USB_EPSetStall
                0x080047bc       0xa0 obj\debug\drivers\stm32f1xx_hal_driver\src\stm32f1xx_ll_usb.o
                0x080047bc                USB_EPSetStall
 .text.USB_EPClearStall
                0x0800485c      0x15c obj\debug\drivers\stm32f1xx_hal_driver\src\stm32f1xx_ll_usb.o
                0x0800485c                USB_EPClearStall
 .text.USB_SetDevAddress
                0x080049b8       0x28 obj\debug\drivers\stm32f1xx_hal_driver\src\stm32f1xx_ll_usb.o
                0x080049b8                USB_SetDevAddress
 .text.USB_DevConnect
                0x080049e0       0x14 obj\debug\drivers\stm32f1xx_hal_driver\src\stm32f1xx_ll_usb.o
                0x080049e0                USB_DevConnect
 .text.USB_DevDisconnect
                0x080049f4       0x14 obj\debug\drivers\stm32f1xx_hal_driver\src\stm32f1xx_ll_usb.o
                0x080049f4                USB_DevDisconnect
 .text.USB_ReadInterrupts
                0x08004a08       0x20 obj\debug\drivers\stm32f1xx_hal_driver\src\stm32f1xx_ll_usb.o
                0x08004a08                USB_ReadInterrupts
 .text.USB_EP0_OutStart
                0x08004a28       0x18 obj\debug\drivers\stm32f1xx_hal_driver\src\stm32f1xx_ll_usb.o
                0x08004a28                USB_EP0_OutStart
 .text.USB_WritePMA
                0x08004a40       0x88 obj\debug\drivers\stm32f1xx_hal_driver\src\stm32f1xx_ll_usb.o
                0x08004a40                USB_WritePMA
 .text.USB_ReadPMA
                0x08004ac8       0xa0 obj\debug\drivers\stm32f1xx_hal_driver\src\stm32f1xx_ll_usb.o
                0x08004ac8                USB_ReadPMA
 .text.USBD_HID_Init
                0x08004b68       0x50 obj\debug\middlewares\st\stm32_usb_device_library\class\hid\src\usbd_hid.o
 .text.USBD_HID_DeInit
                0x08004bb8       0x44 obj\debug\middlewares\st\stm32_usb_device_library\class\hid\src\usbd_hid.o
 .text.USBD_HID_Setup
                0x08004bfc      0x1fc obj\debug\middlewares\st\stm32_usb_device_library\class\hid\src\usbd_hid.o
 .text.USBD_HID_GetFSCfgDesc
                0x08004df8       0x20 obj\debug\middlewares\st\stm32_usb_device_library\class\hid\src\usbd_hid.o
 .text.USBD_HID_GetHSCfgDesc
                0x08004e18       0x20 obj\debug\middlewares\st\stm32_usb_device_library\class\hid\src\usbd_hid.o
 .text.USBD_HID_GetOtherSpeedCfgDesc
                0x08004e38       0x20 obj\debug\middlewares\st\stm32_usb_device_library\class\hid\src\usbd_hid.o
 .text.USBD_HID_DataIn
                0x08004e58       0x24 obj\debug\middlewares\st\stm32_usb_device_library\class\hid\src\usbd_hid.o
 .text.USBD_HID_GetDeviceQualifierDesc
                0x08004e7c       0x20 obj\debug\middlewares\st\stm32_usb_device_library\class\hid\src\usbd_hid.o
 .text.USBD_Init
                0x08004e9c       0x58 obj\debug\middlewares\st\stm32_usb_device_library\core\src\usbd_core.o
                0x08004e9c                USBD_Init
 .text.USBD_RegisterClass
                0x08004ef4       0x34 obj\debug\middlewares\st\stm32_usb_device_library\core\src\usbd_core.o
                0x08004ef4                USBD_RegisterClass
 .text.USBD_Start
                0x08004f28       0x18 obj\debug\middlewares\st\stm32_usb_device_library\core\src\usbd_core.o
                0x08004f28                USBD_Start
 .text.USBD_RunTestMode
                0x08004f40       0x14 obj\debug\middlewares\st\stm32_usb_device_library\core\src\usbd_core.o
                0x08004f40                USBD_RunTestMode
 .text.USBD_SetClassConfig
                0x08004f54       0x40 obj\debug\middlewares\st\stm32_usb_device_library\core\src\usbd_core.o
                0x08004f54                USBD_SetClassConfig
 .text.USBD_ClrClassConfig
                0x08004f94       0x28 obj\debug\middlewares\st\stm32_usb_device_library\core\src\usbd_core.o
                0x08004f94                USBD_ClrClassConfig
 .text.USBD_LL_SetupStage
                0x08004fbc       0x98 obj\debug\middlewares\st\stm32_usb_device_library\core\src\usbd_core.o
                0x08004fbc                USBD_LL_SetupStage
 .text.USBD_LL_DataOutStage
                0x08005054       0xe4 obj\debug\middlewares\st\stm32_usb_device_library\core\src\usbd_core.o
                0x08005054                USBD_LL_DataOutStage
 .text.USBD_LL_DataInStage
                0x08005138      0x14c obj\debug\middlewares\st\stm32_usb_device_library\core\src\usbd_core.o
                0x08005138                USBD_LL_DataInStage
 .text.USBD_LL_Reset
                0x08005284       0x84 obj\debug\middlewares\st\stm32_usb_device_library\core\src\usbd_core.o
                0x08005284                USBD_LL_Reset
 .text.USBD_LL_SetSpeed
                0x08005308       0x20 obj\debug\middlewares\st\stm32_usb_device_library\core\src\usbd_core.o
                0x08005308                USBD_LL_SetSpeed
 .text.USBD_LL_Suspend
                0x08005328       0x28 obj\debug\middlewares\st\stm32_usb_device_library\core\src\usbd_core.o
                0x08005328                USBD_LL_Suspend
 .text.USBD_LL_Resume
                0x08005350       0x2c obj\debug\middlewares\st\stm32_usb_device_library\core\src\usbd_core.o
                0x08005350                USBD_LL_Resume
 .text.USBD_LL_SOF
                0x0800537c       0x34 obj\debug\middlewares\st\stm32_usb_device_library\core\src\usbd_core.o
                0x0800537c                USBD_LL_SOF
 .text.USBD_StdDevReq
                0x080053b0       0xd4 obj\debug\middlewares\st\stm32_usb_device_library\core\src\usbd_ctlreq.o
                0x080053b0                USBD_StdDevReq
 .text.USBD_StdItfReq
                0x08005484       0x8c obj\debug\middlewares\st\stm32_usb_device_library\core\src\usbd_ctlreq.o
                0x08005484                USBD_StdItfReq
 .text.USBD_StdEPReq
                0x08005510      0x2bc obj\debug\middlewares\st\stm32_usb_device_library\core\src\usbd_ctlreq.o
                0x08005510                USBD_StdEPReq
 .text.USBD_GetDescriptor
                0x080057cc      0x2d0 obj\debug\middlewares\st\stm32_usb_device_library\core\src\usbd_ctlreq.o
 .text.USBD_SetAddress
                0x08005a9c       0x84 obj\debug\middlewares\st\stm32_usb_device_library\core\src\usbd_ctlreq.o
 .text.USBD_SetConfig
                0x08005b20      0x11c obj\debug\middlewares\st\stm32_usb_device_library\core\src\usbd_ctlreq.o
 .text.USBD_GetConfig
                0x08005c3c       0x68 obj\debug\middlewares\st\stm32_usb_device_library\core\src\usbd_ctlreq.o
 .text.USBD_GetStatus
                0x08005ca4       0x68 obj\debug\middlewares\st\stm32_usb_device_library\core\src\usbd_ctlreq.o
 .text.USBD_SetFeature
                0x08005d0c       0x28 obj\debug\middlewares\st\stm32_usb_device_library\core\src\usbd_ctlreq.o
 .text.USBD_ClrFeature
                0x08005d34       0x44 obj\debug\middlewares\st\stm32_usb_device_library\core\src\usbd_ctlreq.o
 .text.USBD_ParseSetupRequest
                0x08005d78       0x78 obj\debug\middlewares\st\stm32_usb_device_library\core\src\usbd_ctlreq.o
                0x08005d78                USBD_ParseSetupRequest
 .text.USBD_CtlError
                0x08005df0       0x24 obj\debug\middlewares\st\stm32_usb_device_library\core\src\usbd_ctlreq.o
                0x08005df0                USBD_CtlError
 .text.USBD_GetString
                0x08005e14       0x84 obj\debug\middlewares\st\stm32_usb_device_library\core\src\usbd_ctlreq.o
                0x08005e14                USBD_GetString
 .text.USBD_GetLen
                0x08005e98       0x30 obj\debug\middlewares\st\stm32_usb_device_library\core\src\usbd_ctlreq.o
 .text.USBD_CtlSendData
                0x08005ec8       0x38 obj\debug\middlewares\st\stm32_usb_device_library\core\src\usbd_ioreq.o
                0x08005ec8                USBD_CtlSendData
 .text.USBD_CtlContinueSendData
                0x08005f00       0x24 obj\debug\middlewares\st\stm32_usb_device_library\core\src\usbd_ioreq.o
                0x08005f00                USBD_CtlContinueSendData
 .text.USBD_CtlPrepareRx
                0x08005f24       0x3c obj\debug\middlewares\st\stm32_usb_device_library\core\src\usbd_ioreq.o
                0x08005f24                USBD_CtlPrepareRx
 .text.USBD_CtlContinueRx
                0x08005f60       0x24 obj\debug\middlewares\st\stm32_usb_device_library\core\src\usbd_ioreq.o
                0x08005f60                USBD_CtlContinueRx
 .text.USBD_CtlSendStatus
                0x08005f84       0x28 obj\debug\middlewares\st\stm32_usb_device_library\core\src\usbd_ioreq.o
                0x08005f84                USBD_CtlSendStatus
 .text.USBD_CtlReceiveStatus
                0x08005fac       0x28 obj\debug\middlewares\st\stm32_usb_device_library\core\src\usbd_ioreq.o
                0x08005fac                USBD_CtlReceiveStatus
 .text.DWT_Delay_us
                0x08005fd4       0x4c obj\debug\ps2\src\ps2_protocol.o
 .text.request_to_send
                0x08006020       0x6c obj\debug\ps2\src\ps2_protocol.o
 .text.PS2_SendByteAsync
                0x0800608c       0xa8 obj\debug\ps2\src\ps2_protocol.o
                0x0800608c                PS2_SendByteAsync
 .text.PS2_SendByte
                0x08006134       0x34 obj\debug\ps2\src\ps2_protocol.o
                0x08006134                PS2_SendByte
 .text.PS2_initHandle
                0x08006168       0x8c obj\debug\ps2\src\ps2_protocol.o
                0x08006168                PS2_initHandle
 .text.PS2_ProcessData
                0x080061f4      0x2a8 obj\debug\ps2\src\ps2_protocol.o
                0x080061f4                PS2_ProcessData
 .text.PS2_PutByteInFIFOBuffer
                0x0800649c       0x54 obj\debug\ps2\src\ps2_protocol.o
                0x0800649c                PS2_PutByteInFIFOBuffer
 .text.PS2_DrawByteFormFIFOBuffer
                0x080064f0       0x5c obj\debug\ps2\src\ps2_protocol.o
                0x080064f0                PS2_DrawByteFormFIFOBuffer
 .text.PS2_FIFOBuffer_Flush
                0x0800654c       0x20 obj\debug\ps2\src\ps2_protocol.o
                0x0800654c                PS2_FIFOBuffer_Flush
 .text.PS2_WaitForAnswer
                0x0800656c       0x48 obj\debug\ps2\src\ps2_protocol.o
                0x0800656c                PS2_WaitForAnswer
 .text.PS2_ParseReadIdAnswer
                0x080065b4      0x264 obj\debug\ps2\src\ps2_protocol.o
 .text.PS2_ReadId
                0x08006818       0x38 obj\debug\ps2\src\ps2_protocol.o
 .text.PS2_ProbeDevice
                0x08006850       0x1c obj\debug\ps2\src\ps2_protocol.o
 .text.main     0x0800686c       0xa8 obj\debug\src\main.o
                0x0800686c                main
 .text.SystemClock_Config
                0x08006914       0xb8 obj\debug\src\main.o
                0x08006914                SystemClock_Config
 .text.MX_GPIO_Init
                0x080069cc      0x14c obj\debug\src\main.o
 .text.PS2_PINS_Output_OD_High
                0x08006b18       0x78 obj\debug\src\main.o
                0x08006b18                PS2_PINS_Output_OD_High
 .text.BSP_PS2_Init
                0x08006b90       0xdc obj\debug\src\main.o
                0x08006b90                BSP_PS2_Init
 .text.HAL_GPIO_EXTI_Callback
                0x08006c6c       0x38 obj\debug\src\main.o
                0x08006c6c                HAL_GPIO_EXTI_Callback
 .text.updateBit
                0x08006ca4       0x5c obj\debug\src\main.o
 .text.addKeyToReport
                0x08006d00       0x5c obj\debug\src\main.o
                0x08006d00                addKeyToReport
 .text.processNextMouseMovementAxis
                0x08006d5c       0x30 obj\debug\src\main.o
 .text.processDeviceEvent
                0x08006d8c      0x530 obj\debug\src\main.o
 .text.PS2_SetLeds
                0x080072bc       0x6c obj\debug\src\main.o
                0x080072bc                PS2_SetLeds
 .text.Error_Handler
                0x08007328        0x8 obj\debug\src\main.o
                0x08007328                Error_Handler
 .text.HAL_MspInit
                0x08007330       0x64 obj\debug\src\stm32f1xx_hal_msp.o
                0x08007330                HAL_MspInit
 .text.NMI_Handler
                0x08007394        0x8 obj\debug\src\stm32f1xx_it.o
                0x08007394                NMI_Handler
 .text.HardFault_Handler
                0x0800739c        0x8 obj\debug\src\stm32f1xx_it.o
                0x0800739c                HardFault_Handler
 .text.MemManage_Handler
                0x080073a4        0x8 obj\debug\src\stm32f1xx_it.o
                0x080073a4                MemManage_Handler
 .text.BusFault_Handler
                0x080073ac        0x8 obj\debug\src\stm32f1xx_it.o
                0x080073ac                BusFault_Handler
 .text.UsageFault_Handler
                0x080073b4        0x8 obj\debug\src\stm32f1xx_it.o
                0x080073b4                UsageFault_Handler
 .text.SVC_Handler
                0x080073bc        0xc obj\debug\src\stm32f1xx_it.o
                0x080073bc                SVC_Handler
 .text.DebugMon_Handler
                0x080073c8        0xc obj\debug\src\stm32f1xx_it.o
                0x080073c8                DebugMon_Handler
 .text.PendSV_Handler
                0x080073d4        0xc obj\debug\src\stm32f1xx_it.o
                0x080073d4                PendSV_Handler
 .text.SysTick_Handler
                0x080073e0        0xc obj\debug\src\stm32f1xx_it.o
                0x080073e0                SysTick_Handler
 .text.EXTI4_IRQHandler
                0x080073ec       0x10 obj\debug\src\stm32f1xx_it.o
                0x080073ec                EXTI4_IRQHandler
 .text.USB_LP_CAN1_RX0_IRQHandler
                0x080073fc       0x14 obj\debug\src\stm32f1xx_it.o
                0x080073fc                USB_LP_CAN1_RX0_IRQHandler
 .text.EXTI15_10_IRQHandler
                0x08007410       0x10 obj\debug\src\stm32f1xx_it.o
                0x08007410                EXTI15_10_IRQHandler
 .text.SystemInit
                0x08007420        0xc obj\debug\src\system_stm32f1xx.o
                0x08007420                SystemInit
 .text.USBD_HID_EP0_RxReady
                0x0800742c       0x64 obj\debug\src\usb_device.o
 .text.BuildfFSCfgDesc
                0x08007490       0xfc obj\debug\src\usb_device.o
 .text.USBD_HID_GetFSCfgDesc
                0x0800758c       0x38 obj\debug\src\usb_device.o
 .text.USBD_HID_Setup
                0x080075c4      0x384 obj\debug\src\usb_device.o
 .text.USBD_HID_Init
                0x08007948       0x68 obj\debug\src\usb_device.o
 .text.USBD_HID_DataIn
                0x080079b0       0x44 obj\debug\src\usb_device.o
 .text.USBD_HID_COMPOSITE_SendReport
                0x080079f4       0x44 obj\debug\src\usb_device.o
                0x080079f4                USBD_HID_COMPOSITE_SendReport
 .text.MX_USB_DEVICE_Init
                0x08007a38       0x84 obj\debug\src\usb_device.o
                0x08007a38                MX_USB_DEVICE_Init
 .text.HAL_PCD_MspInit
                0x08007abc       0x4c obj\debug\src\usbd_conf.o
                0x08007abc                HAL_PCD_MspInit
 .text.HAL_PCD_SetupStageCallback
                0x08007b08       0x24 obj\debug\src\usbd_conf.o
                0x08007b08                HAL_PCD_SetupStageCallback
 .text.HAL_PCD_DataOutStageCallback
                0x08007b2c       0x38 obj\debug\src\usbd_conf.o
                0x08007b2c                HAL_PCD_DataOutStageCallback
 .text.HAL_PCD_DataInStageCallback
                0x08007b64       0x34 obj\debug\src\usbd_conf.o
                0x08007b64                HAL_PCD_DataInStageCallback
 .text.HAL_PCD_SOFCallback
                0x08007b98       0x1c obj\debug\src\usbd_conf.o
                0x08007b98                HAL_PCD_SOFCallback
 .text.HAL_PCD_ResetCallback
                0x08007bb4       0x3c obj\debug\src\usbd_conf.o
                0x08007bb4                HAL_PCD_ResetCallback
 .text.HAL_PCD_SuspendCallback
                0x08007bf0       0x34 obj\debug\src\usbd_conf.o
                0x08007bf0                HAL_PCD_SuspendCallback
 .text.HAL_PCD_ResumeCallback
                0x08007c24       0x1c obj\debug\src\usbd_conf.o
                0x08007c24                HAL_PCD_ResumeCallback
 .text.USBD_LL_Init
                0x08007c40       0xa4 obj\debug\src\usbd_conf.o
                0x08007c40                USBD_LL_Init
 .text.USBD_LL_Start
                0x08007ce4       0x38 obj\debug\src\usbd_conf.o
                0x08007ce4                USBD_LL_Start
 .text.USBD_LL_OpenEP
                0x08007d1c       0x4c obj\debug\src\usbd_conf.o
                0x08007d1c                USBD_LL_OpenEP
 .text.USBD_LL_CloseEP
                0x08007d68       0x40 obj\debug\src\usbd_conf.o
                0x08007d68                USBD_LL_CloseEP
 .text.USBD_LL_StallEP
                0x08007da8       0x40 obj\debug\src\usbd_conf.o
                0x08007da8                USBD_LL_StallEP
 .text.USBD_LL_ClearStallEP
                0x08007de8       0x40 obj\debug\src\usbd_conf.o
                0x08007de8                USBD_LL_ClearStallEP
 .text.USBD_LL_IsStallEP
                0x08007e28       0x58 obj\debug\src\usbd_conf.o
                0x08007e28                USBD_LL_IsStallEP
 .text.USBD_LL_SetUSBAddress
                0x08007e80       0x40 obj\debug\src\usbd_conf.o
                0x08007e80                USBD_LL_SetUSBAddress
 .text.USBD_LL_Transmit
                0x08007ec0       0x48 obj\debug\src\usbd_conf.o
                0x08007ec0                USBD_LL_Transmit
 .text.USBD_LL_PrepareReceive
                0x08007f08       0x48 obj\debug\src\usbd_conf.o
                0x08007f08                USBD_LL_PrepareReceive
 .text.USBD_static_malloc
                0x08007f50       0x18 obj\debug\src\usbd_conf.o
                0x08007f50                USBD_static_malloc
 .text.USBD_static_free
                0x08007f68       0x14 obj\debug\src\usbd_conf.o
                0x08007f68                USBD_static_free
 .text.HAL_PCDEx_SetConnectionState
                0x08007f7c       0x18 obj\debug\src\usbd_conf.o
                0x08007f7c                HAL_PCDEx_SetConnectionState
 .text.USBD_Get_USB_Status
                0x08007f94       0x58 obj\debug\src\usbd_conf.o
 .text.USBD_FS_DeviceDescriptor
                0x08007fec       0x24 obj\debug\src\usbd_desc.o
                0x08007fec                USBD_FS_DeviceDescriptor
 .text.USBD_FS_LangIDStrDescriptor
                0x08008010       0x24 obj\debug\src\usbd_desc.o
                0x08008010                USBD_FS_LangIDStrDescriptor
 .text.USBD_FS_ProductStrDescriptor
                0x08008034       0x3c obj\debug\src\usbd_desc.o
                0x08008034                USBD_FS_ProductStrDescriptor
 .text.USBD_FS_ManufacturerStrDescriptor
                0x08008070       0x28 obj\debug\src\usbd_desc.o
                0x08008070                USBD_FS_ManufacturerStrDescriptor
 .text.USBD_FS_SerialStrDescriptor
                0x08008098       0x24 obj\debug\src\usbd_desc.o
                0x08008098                USBD_FS_SerialStrDescriptor
 .text.USBD_FS_ConfigStrDescriptor
                0x080080bc       0x3c obj\debug\src\usbd_desc.o
                0x080080bc                USBD_FS_ConfigStrDescriptor
 .text.USBD_FS_InterfaceStrDescriptor
                0x080080f8       0x3c obj\debug\src\usbd_desc.o
                0x080080f8                USBD_FS_InterfaceStrDescriptor
 .text.Get_SerialNum
                0x08008134       0x58 obj\debug\src\usbd_desc.o
 .text.IntToUnicode
                0x0800818c       0x7c obj\debug\src\usbd_desc.o
 .text.Reset_Handler
                0x08008208       0x48 obj\debug\startup\startup_stm32f103c8tx.o
                0x08008208                Reset_Handler
 .text.Default_Handler
                0x08008250        0x2 obj\debug\startup\startup_stm32f103c8tx.o
                0x08008250                RTC_Alarm_IRQHandler
                0x08008250                EXTI2_IRQHandler
                0x08008250                TIM1_CC_IRQHandler
                0x08008250                PVD_IRQHandler
                0x08008250                EXTI3_IRQHandler
                0x08008250                EXTI0_IRQHandler
                0x08008250                I2C2_EV_IRQHandler
                0x08008250                ADC1_2_IRQHandler
                0x08008250                SPI1_IRQHandler
                0x08008250                TAMPER_IRQHandler
                0x08008250                DMA1_Channel4_IRQHandler
                0x08008250                USART3_IRQHandler
                0x08008250                RTC_IRQHandler
                0x08008250                DMA1_Channel7_IRQHandler
                0x08008250                CAN1_RX1_IRQHandler
                0x08008250                TIM4_IRQHandler
                0x08008250                I2C1_EV_IRQHandler
                0x08008250                DMA1_Channel6_IRQHandler
                0x08008250                TIM3_IRQHandler
                0x08008250                RCC_IRQHandler
                0x08008250                TIM1_TRG_COM_IRQHandler
                0x08008250                DMA1_Channel1_IRQHandler
                0x08008250                Default_Handler
                0x08008250                EXTI9_5_IRQHandler
                0x08008250                SPI2_IRQHandler
                0x08008250                DMA1_Channel5_IRQHandler
                0x08008250                USB_HP_CAN1_TX_IRQHandler
                0x08008250                DMA1_Channel3_IRQHandler
                0x08008250                TIM1_UP_IRQHandler
                0x08008250                WWDG_IRQHandler
                0x08008250                TIM2_IRQHandler
                0x08008250                TIM1_BRK_IRQHandler
                0x08008250                EXTI1_IRQHandler
                0x08008250                USART2_IRQHandler
                0x08008250                I2C2_ER_IRQHandler
                0x08008250                DMA1_Channel2_IRQHandler
                0x08008250                CAN1_SCE_IRQHandler
                0x08008250                FLASH_IRQHandler
                0x08008250                USART1_IRQHandler
                0x08008250                I2C1_ER_IRQHandler
                0x08008250                USBWakeUp_IRQHandler
 *(.glue_7)
 .glue_7        0x08008252        0x0 linker stubs
 *(.glue_7t)
 .glue_7t       0x08008252        0x0 linker stubs
 *(.eh_frame)
 *fill*         0x08008252        0x2 
 .eh_frame      0x08008254        0x0 c:/program files (x86)/embitz/1.11/share/em_armgcc/bin/../lib/gcc/arm-none-eabi/5.4.1/armv7-m/crtbegin.o
 *(.init)
 .init          0x08008254        0x4 c:/program files (x86)/embitz/1.11/share/em_armgcc/bin/../lib/gcc/arm-none-eabi/5.4.1/armv7-m/crti.o
                0x08008254                _init
 .init          0x08008258        0x8 c:/program files (x86)/embitz/1.11/share/em_armgcc/bin/../lib/gcc/arm-none-eabi/5.4.1/armv7-m/crtn.o
 *(.fini)
 .fini          0x08008260        0x4 c:/program files (x86)/embitz/1.11/share/em_armgcc/bin/../lib/gcc/arm-none-eabi/5.4.1/armv7-m/crti.o
                0x08008260                _fini
 .fini          0x08008264        0x8 c:/program files (x86)/embitz/1.11/share/em_armgcc/bin/../lib/gcc/arm-none-eabi/5.4.1/armv7-m/crtn.o
                0x0800826c                . = ALIGN (0x4)
                0x0800826c                _etext = .

.vfp11_veneer   0x0800826c        0x0
 .vfp11_veneer  0x0800826c        0x0 linker stubs

.v4_bx          0x0800826c        0x0
 .v4_bx         0x0800826c        0x0 linker stubs

.iplt           0x0800826c        0x0
 .iplt          0x0800826c        0x0 c:/program files (x86)/embitz/1.11/share/em_armgcc/bin/../lib/gcc/arm-none-eabi/5.4.1/armv7-m/crtbegin.o

.rodata         0x0800826c      0x148
                0x0800826c                . = ALIGN (0x4)
 *(.rodata)
 .rodata        0x0800826c       0x12 obj\debug\drivers\stm32f1xx_hal_driver\src\stm32f1xx_hal_rcc.o
 *fill*         0x0800827e        0x2 
 .rodata        0x08008280       0x46 obj\debug\src\usbd_desc.o
 *(.rodata*)
 *fill*         0x080082c6        0x2 
 .rodata.str1.4
                0x080082c8        0x4 c:/program files (x86)/embitz/1.11/share/em_armgcc/bin/../lib/gcc/arm-none-eabi/5.4.1/../../../../arm-none-eabi/lib/armv7-m\libc.a(lib_a-impure.o)
                                  0x2 (size before relaxing)
 .rodata._global_impure_ptr
                0x080082cc        0x4 c:/program files (x86)/embitz/1.11/share/em_armgcc/bin/../lib/gcc/arm-none-eabi/5.4.1/../../../../arm-none-eabi/lib/armv7-m\libc.a(lib_a-impure.o)
                0x080082cc                _global_impure_ptr
 .rodata.regularScanCodesToUSBKeyCodes
                0x080082d0       0x84 obj\debug\src\main.o
 .rodata.extendedScanCodesToUSBKeyCodes
                0x08008354       0x15 obj\debug\src\main.o
 *fill*         0x08008369        0x3 
 .rodata.AHBPrescTable
                0x0800836c       0x10 obj\debug\src\system_stm32f1xx.o
                0x0800836c                AHBPrescTable
 .rodata.USBD_HID_KeyboardItrfFSDesc
                0x0800837c       0x19 obj\debug\src\usb_device.o
 *fill*         0x08008395        0x3 
 .rodata.USBD_HID_MouseItrfFSDesc
                0x08008398       0x19 obj\debug\src\usb_device.o
                0x080083b4                . = ALIGN (0x4)
 *fill*         0x080083b1        0x3 

.rel.dyn        0x080083b4        0x0
 .rel.iplt      0x080083b4        0x0 c:/program files (x86)/embitz/1.11/share/em_armgcc/bin/../lib/gcc/arm-none-eabi/5.4.1/armv7-m/crtbegin.o

.ARM.extab      0x080083b4        0x0
                0x080083b4                . = ALIGN (0x4)
 *(.ARM.extab* .gnu.linkonce.armextab.*)
                0x080083b4                . = ALIGN (0x4)

.ARM            0x080083b4        0x0
                0x080083b4                . = ALIGN (0x4)
                0x080083b4                __exidx_start = .
 *(.ARM.exidx*)
                0x080083b4                __exidx_end = .
                0x080083b4                . = ALIGN (0x4)

.preinit_array  0x080083b4        0x0
                0x080083b4                . = ALIGN (0x4)
                0x080083b4                PROVIDE (__preinit_array_start, .)
 *(.preinit_array*)
                0x080083b4                PROVIDE (__preinit_array_end, .)
                0x080083b4                . = ALIGN (0x4)

.init_array     0x080083b4        0x8
                0x080083b4                . = ALIGN (0x4)
                0x080083b4                PROVIDE (__init_array_start, .)
 *(SORT(.init_array.*))
 .init_array.00000
                0x080083b4        0x4 c:/program files (x86)/embitz/1.11/share/em_armgcc/bin/../lib/gcc/arm-none-eabi/5.4.1/../../../../arm-none-eabi/lib/armv7-m\libc.a(lib_a-__call_atexit.o)
 *(.init_array*)
 .init_array    0x080083b8        0x4 c:/program files (x86)/embitz/1.11/share/em_armgcc/bin/../lib/gcc/arm-none-eabi/5.4.1/armv7-m/crtbegin.o
                0x080083bc                PROVIDE (__init_array_end, .)
                0x080083bc                . = ALIGN (0x4)

.fini_array     0x080083bc        0x4
                0x080083bc                . = ALIGN (0x4)
                0x080083bc                PROVIDE (__fini_array_start, .)
 *(SORT(.fini_array.*))
 *(.fini_array*)
 .fini_array    0x080083bc        0x4 c:/program files (x86)/embitz/1.11/share/em_armgcc/bin/../lib/gcc/arm-none-eabi/5.4.1/armv7-m/crtbegin.o
                0x080083c0                PROVIDE (__fini_array_end, .)
                0x080083c0                . = ALIGN (0x4)
                0x080083c0                _sidata = LOADADDR (.data)

.data           0x20000000      0x664 load address 0x080083c0
                0x20000000                . = ALIGN (0x4)
                0x20000000                _sdata = .
 *(.data)
 *(.data*)
 .data.impure_data
                0x20000000      0x428 c:/program files (x86)/embitz/1.11/share/em_armgcc/bin/../lib/gcc/arm-none-eabi/5.4.1/../../../../arm-none-eabi/lib/armv7-m\libc.a(lib_a-impure.o)
 .data.uwTickPrio
                0x20000428        0x4 obj\debug\drivers\stm32f1xx_hal_driver\src\stm32f1xx_hal.o
                0x20000428                uwTickPrio
 .data.uwTickFreq
                0x2000042c        0x1 obj\debug\drivers\stm32f1xx_hal_driver\src\stm32f1xx_hal.o
                0x2000042c                uwTickFreq
 *fill*         0x2000042d        0x3 
 .data.USBD_HID
                0x20000430       0x38 obj\debug\middlewares\st\stm32_usb_device_library\class\hid\src\usbd_hid.o
                0x20000430                USBD_HID
 .data.USBD_HID_CfgFSDesc
                0x20000468       0x22 obj\debug\middlewares\st\stm32_usb_device_library\class\hid\src\usbd_hid.o
 *fill*         0x2000048a        0x2 
 .data.USBD_HID_CfgHSDesc
                0x2000048c       0x22 obj\debug\middlewares\st\stm32_usb_device_library\class\hid\src\usbd_hid.o
 *fill*         0x200004ae        0x2 
 .data.USBD_HID_OtherSpeedCfgDesc
                0x200004b0       0x22 obj\debug\middlewares\st\stm32_usb_device_library\class\hid\src\usbd_hid.o
 *fill*         0x200004d2        0x2 
 .data.USBD_HID_Desc
                0x200004d4        0x9 obj\debug\middlewares\st\stm32_usb_device_library\class\hid\src\usbd_hid.o
 *fill*         0x200004dd        0x3 
 .data.USBD_HID_DeviceQualifierDesc
                0x200004e0        0xa obj\debug\middlewares\st\stm32_usb_device_library\class\hid\src\usbd_hid.o
 *fill*         0x200004ea        0x2 
 .data.HID_MOUSE_ReportDesc
                0x200004ec       0x4a obj\debug\middlewares\st\stm32_usb_device_library\class\hid\src\usbd_hid.o
 *fill*         0x20000536        0x2 
 .data.SystemCoreClock
                0x20000538        0x4 obj\debug\src\system_stm32f1xx.o
                0x20000538                SystemCoreClock
 .data.USBD_HID_CfgFSDesc
                0x2000053c       0x3b obj\debug\src\usb_device.o
 *fill*         0x20000577        0x1 
 .data.USBD_HID_KEYBOARD_Desc
                0x20000578        0x9 obj\debug\src\usb_device.o
 *fill*         0x20000581        0x3 
 .data.HID_KEYBOARD_ReportDesc
                0x20000584       0x3f obj\debug\src\usb_device.o
 *fill*         0x200005c3        0x1 
 .data.USBD_HID_WHEEL_MOUSE_Desc
                0x200005c4        0x9 obj\debug\src\usb_device.o
 *fill*         0x200005cd        0x3 
 .data.HID_WHEEL_MOUSE_ReportDesc
                0x200005d0       0x44 obj\debug\src\usb_device.o
 .data.FS_Desc  0x20000614       0x1c obj\debug\src\usbd_desc.o
                0x20000614                FS_Desc
 .data.USBD_FS_DeviceDesc
                0x20000630       0x12 obj\debug\src\usbd_desc.o
                0x20000630                USBD_FS_DeviceDesc
 *fill*         0x20000642        0x2 
 .data.USBD_LangIDDesc
                0x20000644        0x4 obj\debug\src\usbd_desc.o
                0x20000644                USBD_LangIDDesc
 .data.USBD_StringSerial
                0x20000648       0x1a obj\debug\src\usbd_desc.o
                0x20000648                USBD_StringSerial
                0x20000664                . = ALIGN (0x4)
 *fill*         0x20000662        0x2 
                0x20000664                _edata = .

.jcr            0x20000664        0x0 load address 0x08008a24
 .jcr           0x20000664        0x0 c:/program files (x86)/embitz/1.11/share/em_armgcc/bin/../lib/gcc/arm-none-eabi/5.4.1/armv7-m/crtbegin.o

.igot.plt       0x20000664        0x0 load address 0x08008a24
 .igot.plt      0x20000664        0x0 c:/program files (x86)/embitz/1.11/share/em_armgcc/bin/../lib/gcc/arm-none-eabi/5.4.1/armv7-m/crtbegin.o
                0x20000664                . = ALIGN (0x4)

.bss            0x20000664      0x7b0 load address 0x08008a24
                0x20000664                _sbss = .
                0x20000664                __bss_start__ = _sbss
 *(.bss)
 .bss           0x20000664       0x1c c:/program files (x86)/embitz/1.11/share/em_armgcc/bin/../lib/gcc/arm-none-eabi/5.4.1/armv7-m/crtbegin.o
 *(.bss*)
 .bss.cfgidx.7715
                0x20000680        0x1 obj\debug\middlewares\st\stm32_usb_device_library\core\src\usbd_ctlreq.o
 *fill*         0x20000681        0x3 
 .bss.mem.7755  0x20000684       0x14 obj\debug\src\usbd_conf.o
 *(COMMON)
 COMMON         0x20000698        0x4 obj\debug\drivers\stm32f1xx_hal_driver\src\stm32f1xx_hal.o
                0x20000698                uwTick
 COMMON         0x2000069c        0x8 obj\debug\middlewares\st\stm32_usb_device_library\class\hid\src\usbd_hid.o
                0x2000069c                PS2_InterfaceMap
 COMMON         0x200006a4      0x140 obj\debug\src\main.o
                0x200006a4                hhids
                0x200006c4                ps2_1
                0x20000754                ps2_2
 COMMON         0x200007e4      0x2c4 obj\debug\src\usb_device.o
                0x200007e4                hUsbDeviceFS
 COMMON         0x20000aa8      0x2ec obj\debug\src\usbd_conf.o
                0x20000aa8                hpcd_USB_FS
 COMMON         0x20000d94       0x80 obj\debug\src\usbd_desc.o
                0x20000d94                USBD_StrDesc
                0x20000e14                . = ALIGN (0x4)
                0x20000e14                _ebss = .
                0x20000e14                __bss_end__ = _ebss

._user_heap_stack
                0x20000e14      0x604 load address 0x08008a24
                0x20000e18                . = ALIGN (0x8)
 *fill*         0x20000e14        0x4 
                [!provide]                PROVIDE (end, .)
                0x20000e18                PROVIDE (_end, .)
                0x20001018                . = (. + _Min_Heap_Size)
 *fill*         0x20000e18      0x200 
                0x20001418                . = (. + _Min_Stack_Size)
 *fill*         0x20001018      0x400 
                0x20001418                . = ALIGN (0x8)

/DISCARD/
 libc.a(*)
 libm.a(*)
 libgcc.a(*)

.ARM.attributes
                0x00000000       0x29
 *(.ARM.attributes)
 .ARM.attributes
                0x00000000       0x1d c:/program files (x86)/embitz/1.11/share/em_armgcc/bin/../lib/gcc/arm-none-eabi/5.4.1/armv7-m/crti.o
 .ARM.attributes
                0x0000001d       0x2d c:/program files (x86)/embitz/1.11/share/em_armgcc/bin/../lib/gcc/arm-none-eabi/5.4.1/armv7-m/crtbegin.o
 .ARM.attributes
                0x0000004a       0x33 obj\debug\drivers\stm32f1xx_hal_driver\src\stm32f1xx_hal.o
 .ARM.attributes
                0x0000007d       0x33 obj\debug\drivers\stm32f1xx_hal_driver\src\stm32f1xx_hal_cortex.o
 .ARM.attributes
                0x000000b0       0x33 obj\debug\drivers\stm32f1xx_hal_driver\src\stm32f1xx_hal_gpio.o
 .ARM.attributes
                0x000000e3       0x33 obj\debug\drivers\stm32f1xx_hal_driver\src\stm32f1xx_hal_pcd.o
 .ARM.attributes
                0x00000116       0x33 obj\debug\drivers\stm32f1xx_hal_driver\src\stm32f1xx_hal_pcd_ex.o
 .ARM.attributes
                0x00000149       0x33 obj\debug\drivers\stm32f1xx_hal_driver\src\stm32f1xx_hal_rcc.o
 .ARM.attributes
                0x0000017c       0x33 obj\debug\drivers\stm32f1xx_hal_driver\src\stm32f1xx_hal_rcc_ex.o
 .ARM.attributes
                0x000001af       0x33 obj\debug\drivers\stm32f1xx_hal_driver\src\stm32f1xx_ll_usb.o
 .ARM.attributes
                0x000001e2       0x33 obj\debug\middlewares\st\stm32_usb_device_library\class\hid\src\usbd_hid.o
 .ARM.attributes
                0x00000215       0x33 obj\debug\middlewares\st\stm32_usb_device_library\core\src\usbd_core.o
 .ARM.attributes
                0x00000248       0x33 obj\debug\middlewares\st\stm32_usb_device_library\core\src\usbd_ctlreq.o
 .ARM.attributes
                0x0000027b       0x33 obj\debug\middlewares\st\stm32_usb_device_library\core\src\usbd_ioreq.o
 .ARM.attributes
                0x000002ae       0x33 obj\debug\ps2\src\ps2_protocol.o
 .ARM.attributes
                0x000002e1       0x33 obj\debug\src\main.o
 .ARM.attributes
                0x00000314       0x33 obj\debug\src\stm32f1xx_hal_msp.o
 .ARM.attributes
                0x00000347       0x33 obj\debug\src\stm32f1xx_it.o
 .ARM.attributes
                0x0000037a       0x33 obj\debug\src\system_stm32f1xx.o
 .ARM.attributes
                0x000003ad       0x33 obj\debug\src\usb_device.o
 .ARM.attributes
                0x000003e0       0x33 obj\debug\src\usbd_conf.o
 .ARM.attributes
                0x00000413       0x33 obj\debug\src\usbd_desc.o
 .ARM.attributes
                0x00000446       0x21 obj\debug\startup\startup_stm32f103c8tx.o
 .ARM.attributes
                0x00000467       0x1d c:/program files (x86)/embitz/1.11/share/em_armgcc/bin/../lib/gcc/arm-none-eabi/5.4.1/armv7-m/crtn.o
LOAD obj\debug\drivers\stm32f1xx_hal_driver\src\stm32f1xx_hal.o
LOAD obj\debug\drivers\stm32f1xx_hal_driver\src\stm32f1xx_hal_cortex.o
LOAD obj\debug\drivers\stm32f1xx_hal_driver\src\stm32f1xx_hal_dma.o
LOAD obj\debug\drivers\stm32f1xx_hal_driver\src\stm32f1xx_hal_exti.o
LOAD obj\debug\drivers\stm32f1xx_hal_driver\src\stm32f1xx_hal_flash.o
LOAD obj\debug\drivers\stm32f1xx_hal_driver\src\stm32f1xx_hal_flash_ex.o
LOAD obj\debug\drivers\stm32f1xx_hal_driver\src\stm32f1xx_hal_gpio.o
LOAD obj\debug\drivers\stm32f1xx_hal_driver\src\stm32f1xx_hal_gpio_ex.o
LOAD obj\debug\drivers\stm32f1xx_hal_driver\src\stm32f1xx_hal_pcd.o
LOAD obj\debug\drivers\stm32f1xx_hal_driver\src\stm32f1xx_hal_pcd_ex.o
LOAD obj\debug\drivers\stm32f1xx_hal_driver\src\stm32f1xx_hal_pwr.o
LOAD obj\debug\drivers\stm32f1xx_hal_driver\src\stm32f1xx_hal_rcc.o
LOAD obj\debug\drivers\stm32f1xx_hal_driver\src\stm32f1xx_hal_rcc_ex.o
LOAD obj\debug\drivers\stm32f1xx_hal_driver\src\stm32f1xx_hal_tim.o
LOAD obj\debug\drivers\stm32f1xx_hal_driver\src\stm32f1xx_hal_tim_ex.o
LOAD obj\debug\drivers\stm32f1xx_hal_driver\src\stm32f1xx_ll_usb.o
LOAD obj\debug\middlewares\st\stm32_usb_device_library\class\hid\src\usbd_hid.o
LOAD obj\debug\middlewares\st\stm32_usb_device_library\core\src\usbd_core.o
LOAD obj\debug\middlewares\st\stm32_usb_device_library\core\src\usbd_ctlreq.o
LOAD obj\debug\middlewares\st\stm32_usb_device_library\core\src\usbd_ioreq.o
LOAD obj\debug\ps2\src\ps2_protocol.o
LOAD obj\debug\src\main.o
LOAD obj\debug\src\stm32f1xx_hal_msp.o
LOAD obj\debug\src\stm32f1xx_it.o
LOAD obj\debug\src\syscalls.o
LOAD obj\debug\src\sysmem.o
LOAD obj\debug\src\system_stm32f1xx.o
LOAD obj\debug\src\usb_device.o
LOAD obj\debug\src\usbd_conf.o
LOAD obj\debug\src\usbd_desc.o
LOAD obj\debug\startup\startup_stm32f103c8tx.o
START GROUP
LOAD c:/program files (x86)/embitz/1.11/share/em_armgcc/bin/../lib/gcc/arm-none-eabi/5.4.1/armv7-m\libgcc.a
LOAD c:/program files (x86)/embitz/1.11/share/em_armgcc/bin/../lib/gcc/arm-none-eabi/5.4.1/../../../../arm-none-eabi/lib/armv7-m\libg_n.a
LOAD c:/program files (x86)/embitz/1.11/share/em_armgcc/bin/../lib/gcc/arm-none-eabi/5.4.1/../../../../arm-none-eabi/lib/armv7-m\libc_n.a
END GROUP
START GROUP
LOAD c:/program files (x86)/embitz/1.11/share/em_armgcc/bin/../lib/gcc/arm-none-eabi/5.4.1/armv7-m\libgcc.a
LOAD c:/program files (x86)/embitz/1.11/share/em_armgcc/bin/../lib/gcc/arm-none-eabi/5.4.1/../../../../arm-none-eabi/lib/armv7-m\libc_n.a
LOAD c:/program files (x86)/embitz/1.11/share/em_armgcc/bin/../lib/gcc/arm-none-eabi/5.4.1/../../../../arm-none-eabi/lib/armv7-m\libnosys_s.a
END GROUP
LOAD c:/program files (x86)/embitz/1.11/share/em_armgcc/bin/../lib/gcc/arm-none-eabi/5.4.1/armv7-m/crtend.o
LOAD c:/program files (x86)/embitz/1.11/share/em_armgcc/bin/../lib/gcc/arm-none-eabi/5.4.1/armv7-m/crtn.o
OUTPUT(bin\Debug\stm103_nrf24l01p.elf elf32-littlearm)

.debug_info     0x00000000     0xde10
 .debug_info    0x00000000      0x6a8 obj\debug\drivers\stm32f1xx_hal_driver\src\stm32f1xx_hal.o
 .debug_info    0x000006a8      0xac9 obj\debug\drivers\stm32f1xx_hal_driver\src\stm32f1xx_hal_cortex.o
 .debug_info    0x00001171      0x5e8 obj\debug\drivers\stm32f1xx_hal_driver\src\stm32f1xx_hal_gpio.o
 .debug_info    0x00001759     0x1116 obj\debug\drivers\stm32f1xx_hal_driver\src\stm32f1xx_hal_pcd.o
 .debug_info    0x0000286f      0x6e4 obj\debug\drivers\stm32f1xx_hal_driver\src\stm32f1xx_hal_pcd_ex.o
 .debug_info    0x00002f53      0x7d5 obj\debug\drivers\stm32f1xx_hal_driver\src\stm32f1xx_hal_rcc.o
 .debug_info    0x00003728      0x3c4 obj\debug\drivers\stm32f1xx_hal_driver\src\stm32f1xx_hal_rcc_ex.o
 .debug_info    0x00003aec     0x173a obj\debug\drivers\stm32f1xx_hal_driver\src\stm32f1xx_ll_usb.o
 .debug_info    0x00005226      0xc32 obj\debug\middlewares\st\stm32_usb_device_library\class\hid\src\usbd_hid.o
 .debug_info    0x00005e58      0xcd8 obj\debug\middlewares\st\stm32_usb_device_library\core\src\usbd_core.o
 .debug_info    0x00006b30      0xc48 obj\debug\middlewares\st\stm32_usb_device_library\core\src\usbd_ctlreq.o
 .debug_info    0x00007778      0xa39 obj\debug\middlewares\st\stm32_usb_device_library\core\src\usbd_ioreq.o
 .debug_info    0x000081b1      0x924 obj\debug\ps2\src\ps2_protocol.o
 .debug_info    0x00008ad5     0x1253 obj\debug\src\main.o
 .debug_info    0x00009d28      0x60a obj\debug\src\stm32f1xx_hal_msp.o
 .debug_info    0x0000a332      0x9d8 obj\debug\src\stm32f1xx_it.o
 .debug_info    0x0000ad0a      0x239 obj\debug\src\system_stm32f1xx.o
 .debug_info    0x0000af43      0xdb7 obj\debug\src\usb_device.o
 .debug_info    0x0000bcfa     0x189a obj\debug\src\usbd_conf.o
 .debug_info    0x0000d594      0x802 obj\debug\src\usbd_desc.o
 .debug_info    0x0000dd96       0x7a obj\debug\startup\startup_stm32f103c8tx.o

.debug_abbrev   0x00000000     0x2725
 .debug_abbrev  0x00000000      0x1b7 obj\debug\drivers\stm32f1xx_hal_driver\src\stm32f1xx_hal.o
 .debug_abbrev  0x000001b7      0x2c2 obj\debug\drivers\stm32f1xx_hal_driver\src\stm32f1xx_hal_cortex.o
 .debug_abbrev  0x00000479      0x1a6 obj\debug\drivers\stm32f1xx_hal_driver\src\stm32f1xx_hal_gpio.o
 .debug_abbrev  0x0000061f      0x21b obj\debug\drivers\stm32f1xx_hal_driver\src\stm32f1xx_hal_pcd.o
 .debug_abbrev  0x0000083a      0x16e obj\debug\drivers\stm32f1xx_hal_driver\src\stm32f1xx_hal_pcd_ex.o
 .debug_abbrev  0x000009a8      0x243 obj\debug\drivers\stm32f1xx_hal_driver\src\stm32f1xx_hal_rcc.o
 .debug_abbrev  0x00000beb      0x164 obj\debug\drivers\stm32f1xx_hal_driver\src\stm32f1xx_hal_rcc_ex.o
 .debug_abbrev  0x00000d4f      0x18a obj\debug\drivers\stm32f1xx_hal_driver\src\stm32f1xx_ll_usb.o
 .debug_abbrev  0x00000ed9      0x21f obj\debug\middlewares\st\stm32_usb_device_library\class\hid\src\usbd_hid.o
 .debug_abbrev  0x000010f8      0x232 obj\debug\middlewares\st\stm32_usb_device_library\core\src\usbd_core.o
 .debug_abbrev  0x0000132a      0x262 obj\debug\middlewares\st\stm32_usb_device_library\core\src\usbd_ctlreq.o
 .debug_abbrev  0x0000158c      0x1a2 obj\debug\middlewares\st\stm32_usb_device_library\core\src\usbd_ioreq.o
 .debug_abbrev  0x0000172e      0x211 obj\debug\ps2\src\ps2_protocol.o
 .debug_abbrev  0x0000193f      0x2d4 obj\debug\src\main.o
 .debug_abbrev  0x00001c13      0x148 obj\debug\src\stm32f1xx_hal_msp.o
 .debug_abbrev  0x00001d5b      0x177 obj\debug\src\stm32f1xx_it.o
 .debug_abbrev  0x00001ed2      0x125 obj\debug\src\system_stm32f1xx.o
 .debug_abbrev  0x00001ff7      0x2a8 obj\debug\src\usb_device.o
 .debug_abbrev  0x0000229f      0x288 obj\debug\src\usbd_conf.o
 .debug_abbrev  0x00002527      0x1ec obj\debug\src\usbd_desc.o
 .debug_abbrev  0x00002713       0x12 obj\debug\startup\startup_stm32f103c8tx.o

.debug_aranges  0x00000000      0xb08
 .debug_aranges
                0x00000000       0xe0 obj\debug\drivers\stm32f1xx_hal_driver\src\stm32f1xx_hal.o
 .debug_aranges
                0x000000e0      0x100 obj\debug\drivers\stm32f1xx_hal_driver\src\stm32f1xx_hal_cortex.o
 .debug_aranges
                0x000001e0       0x58 obj\debug\drivers\stm32f1xx_hal_driver\src\stm32f1xx_hal_gpio.o
 .debug_aranges
                0x00000238      0x138 obj\debug\drivers\stm32f1xx_hal_driver\src\stm32f1xx_hal_pcd.o
 .debug_aranges
                0x00000370       0x38 obj\debug\drivers\stm32f1xx_hal_driver\src\stm32f1xx_hal_pcd_ex.o
 .debug_aranges
                0x000003a8       0x90 obj\debug\drivers\stm32f1xx_hal_driver\src\stm32f1xx_hal_rcc.o
 .debug_aranges
                0x00000438       0x30 obj\debug\drivers\stm32f1xx_hal_driver\src\stm32f1xx_hal_rcc_ex.o
 .debug_aranges
                0x00000468       0xf0 obj\debug\drivers\stm32f1xx_hal_driver\src\stm32f1xx_ll_usb.o
 .debug_aranges
                0x00000558       0x68 obj\debug\middlewares\st\stm32_usb_device_library\class\hid\src\usbd_hid.o
 .debug_aranges
                0x000005c0       0xb8 obj\debug\middlewares\st\stm32_usb_device_library\core\src\usbd_core.o
 .debug_aranges
                0x00000678       0x88 obj\debug\middlewares\st\stm32_usb_device_library\core\src\usbd_ctlreq.o
 .debug_aranges
                0x00000700       0x50 obj\debug\middlewares\st\stm32_usb_device_library\core\src\usbd_ioreq.o
 .debug_aranges
                0x00000750       0x88 obj\debug\ps2\src\ps2_protocol.o
 .debug_aranges
                0x000007d8       0x78 obj\debug\src\main.o
 .debug_aranges
                0x00000850       0x20 obj\debug\src\stm32f1xx_hal_msp.o
 .debug_aranges
                0x00000870       0x78 obj\debug\src\stm32f1xx_it.o
 .debug_aranges
                0x000008e8       0x28 obj\debug\src\system_stm32f1xx.o
 .debug_aranges
                0x00000910       0x58 obj\debug\src\usb_device.o
 .debug_aranges
                0x00000968      0x118 obj\debug\src\usbd_conf.o
 .debug_aranges
                0x00000a80       0x60 obj\debug\src\usbd_desc.o
 .debug_aranges
                0x00000ae0       0x28 obj\debug\startup\startup_stm32f103c8tx.o

.debug_ranges   0x00000000      0x9c0
 .debug_ranges  0x00000000       0xd0 obj\debug\drivers\stm32f1xx_hal_driver\src\stm32f1xx_hal.o
 .debug_ranges  0x000000d0       0xf0 obj\debug\drivers\stm32f1xx_hal_driver\src\stm32f1xx_hal_cortex.o
 .debug_ranges  0x000001c0       0x48 obj\debug\drivers\stm32f1xx_hal_driver\src\stm32f1xx_hal_gpio.o
 .debug_ranges  0x00000208      0x128 obj\debug\drivers\stm32f1xx_hal_driver\src\stm32f1xx_hal_pcd.o
 .debug_ranges  0x00000330       0x28 obj\debug\drivers\stm32f1xx_hal_driver\src\stm32f1xx_hal_pcd_ex.o
 .debug_ranges  0x00000358       0x80 obj\debug\drivers\stm32f1xx_hal_driver\src\stm32f1xx_hal_rcc.o
 .debug_ranges  0x000003d8       0x20 obj\debug\drivers\stm32f1xx_hal_driver\src\stm32f1xx_hal_rcc_ex.o
 .debug_ranges  0x000003f8       0xe0 obj\debug\drivers\stm32f1xx_hal_driver\src\stm32f1xx_ll_usb.o
 .debug_ranges  0x000004d8       0x58 obj\debug\middlewares\st\stm32_usb_device_library\class\hid\src\usbd_hid.o
 .debug_ranges  0x00000530       0xa8 obj\debug\middlewares\st\stm32_usb_device_library\core\src\usbd_core.o
 .debug_ranges  0x000005d8       0x78 obj\debug\middlewares\st\stm32_usb_device_library\core\src\usbd_ctlreq.o
 .debug_ranges  0x00000650       0x40 obj\debug\middlewares\st\stm32_usb_device_library\core\src\usbd_ioreq.o
 .debug_ranges  0x00000690       0x78 obj\debug\ps2\src\ps2_protocol.o
 .debug_ranges  0x00000708       0x68 obj\debug\src\main.o
 .debug_ranges  0x00000770       0x10 obj\debug\src\stm32f1xx_hal_msp.o
 .debug_ranges  0x00000780       0x68 obj\debug\src\stm32f1xx_it.o
 .debug_ranges  0x000007e8       0x18 obj\debug\src\system_stm32f1xx.o
 .debug_ranges  0x00000800       0x48 obj\debug\src\usb_device.o
 .debug_ranges  0x00000848      0x108 obj\debug\src\usbd_conf.o
 .debug_ranges  0x00000950       0x50 obj\debug\src\usbd_desc.o
 .debug_ranges  0x000009a0       0x20 obj\debug\startup\startup_stm32f103c8tx.o

.debug_macro    0x00000000    0x19518
 .debug_macro   0x00000000      0x1cc obj\debug\drivers\stm32f1xx_hal_driver\src\stm32f1xx_hal.o
 .debug_macro   0x000001cc      0x880 obj\debug\drivers\stm32f1xx_hal_driver\src\stm32f1xx_hal.o
 .debug_macro   0x00000a4c      0x215 obj\debug\drivers\stm32f1xx_hal_driver\src\stm32f1xx_hal.o
 .debug_macro   0x00000c61       0x2e obj\debug\drivers\stm32f1xx_hal_driver\src\stm32f1xx_hal.o
 .debug_macro   0x00000c8f       0x22 obj\debug\drivers\stm32f1xx_hal_driver\src\stm32f1xx_hal.o
 .debug_macro   0x00000cb1       0x22 obj\debug\drivers\stm32f1xx_hal_driver\src\stm32f1xx_hal.o
 .debug_macro   0x00000cd3       0x87 obj\debug\drivers\stm32f1xx_hal_driver\src\stm32f1xx_hal.o
 .debug_macro   0x00000d5a       0x44 obj\debug\drivers\stm32f1xx_hal_driver\src\stm32f1xx_hal.o
 .debug_macro   0x00000d9e       0xfd obj\debug\drivers\stm32f1xx_hal_driver\src\stm32f1xx_hal.o
 .debug_macro   0x00000e9b       0x5e obj\debug\drivers\stm32f1xx_hal_driver\src\stm32f1xx_hal.o
 .debug_macro   0x00000ef9      0x1df obj\debug\drivers\stm32f1xx_hal_driver\src\stm32f1xx_hal.o
 .debug_macro   0x000010d8       0x1c obj\debug\drivers\stm32f1xx_hal_driver\src\stm32f1xx_hal.o
 .debug_macro   0x000010f4       0x22 obj\debug\drivers\stm32f1xx_hal_driver\src\stm32f1xx_hal.o
 .debug_macro   0x00001116       0xc3 obj\debug\drivers\stm32f1xx_hal_driver\src\stm32f1xx_hal.o
 .debug_macro   0x000011d9      0xd23 obj\debug\drivers\stm32f1xx_hal_driver\src\stm32f1xx_hal.o
 .debug_macro   0x00001efc     0xe097 obj\debug\drivers\stm32f1xx_hal_driver\src\stm32f1xx_hal.o
 .debug_macro   0x0000ff93       0x43 obj\debug\drivers\stm32f1xx_hal_driver\src\stm32f1xx_hal.o
 .debug_macro   0x0000ffd6     0x3468 obj\debug\drivers\stm32f1xx_hal_driver\src\stm32f1xx_hal.o
 .debug_macro   0x0001343e      0x174 obj\debug\drivers\stm32f1xx_hal_driver\src\stm32f1xx_hal.o
 .debug_macro   0x000135b2       0x5c obj\debug\drivers\stm32f1xx_hal_driver\src\stm32f1xx_hal.o
 .debug_macro   0x0001360e      0x5be obj\debug\drivers\stm32f1xx_hal_driver\src\stm32f1xx_hal.o
 .debug_macro   0x00013bcc      0x289 obj\debug\drivers\stm32f1xx_hal_driver\src\stm32f1xx_hal.o
 .debug_macro   0x00013e55      0x1cb obj\debug\drivers\stm32f1xx_hal_driver\src\stm32f1xx_hal.o
 .debug_macro   0x00014020      0x114 obj\debug\drivers\stm32f1xx_hal_driver\src\stm32f1xx_hal.o
 .debug_macro   0x00014134      0x1b2 obj\debug\drivers\stm32f1xx_hal_driver\src\stm32f1xx_hal.o
 .debug_macro   0x000142e6       0x27 obj\debug\drivers\stm32f1xx_hal_driver\src\stm32f1xx_hal.o
 .debug_macro   0x0001430d      0x136 obj\debug\drivers\stm32f1xx_hal_driver\src\stm32f1xx_hal.o
 .debug_macro   0x00014443      0x1bc obj\debug\drivers\stm32f1xx_hal_driver\src\stm32f1xx_hal.o
 .debug_macro   0x000145ff       0x34 obj\debug\drivers\stm32f1xx_hal_driver\src\stm32f1xx_hal.o
 .debug_macro   0x00014633       0x3c obj\debug\drivers\stm32f1xx_hal_driver\src\stm32f1xx_hal.o
 .debug_macro   0x0001466f       0x57 obj\debug\drivers\stm32f1xx_hal_driver\src\stm32f1xx_hal.o
 .debug_macro   0x000146c6       0x88 obj\debug\drivers\stm32f1xx_hal_driver\src\stm32f1xx_hal.o
 .debug_macro   0x0001474e      0x241 obj\debug\drivers\stm32f1xx_hal_driver\src\stm32f1xx_hal.o
 .debug_macro   0x0001498f      0x141 obj\debug\drivers\stm32f1xx_hal_driver\src\stm32f1xx_hal.o
 .debug_macro   0x00014ad0       0x65 obj\debug\drivers\stm32f1xx_hal_driver\src\stm32f1xx_hal.o
 .debug_macro   0x00014b35      0x249 obj\debug\drivers\stm32f1xx_hal_driver\src\stm32f1xx_hal.o
 .debug_macro   0x00014d7e       0x83 obj\debug\drivers\stm32f1xx_hal_driver\src\stm32f1xx_hal.o
 .debug_macro   0x00014e01      0x1a8 obj\debug\drivers\stm32f1xx_hal_driver\src\stm32f1xx_hal_cortex.o
 .debug_macro   0x00014fa9      0x213 obj\debug\drivers\stm32f1xx_hal_driver\src\stm32f1xx_hal_gpio.o
 .debug_macro   0x000151bc      0x1b4 obj\debug\drivers\stm32f1xx_hal_driver\src\stm32f1xx_hal_pcd.o
 .debug_macro   0x00015370      0x1a8 obj\debug\drivers\stm32f1xx_hal_driver\src\stm32f1xx_hal_pcd_ex.o
 .debug_macro   0x00015518      0x1ba obj\debug\drivers\stm32f1xx_hal_driver\src\stm32f1xx_hal_rcc.o
 .debug_macro   0x000156d2      0x1a8 obj\debug\drivers\stm32f1xx_hal_driver\src\stm32f1xx_hal_rcc_ex.o
 .debug_macro   0x0001587a      0x1a8 obj\debug\drivers\stm32f1xx_hal_driver\src\stm32f1xx_ll_usb.o
 .debug_macro   0x00015a22      0x396 obj\debug\middlewares\st\stm32_usb_device_library\class\hid\src\usbd_hid.o
 .debug_macro   0x00015db8       0x4c obj\debug\middlewares\st\stm32_usb_device_library\class\hid\src\usbd_hid.o
 .debug_macro   0x00015e04       0x8d obj\debug\middlewares\st\stm32_usb_device_library\class\hid\src\usbd_hid.o
 .debug_macro   0x00015e91       0x35 obj\debug\middlewares\st\stm32_usb_device_library\class\hid\src\usbd_hid.o
 .debug_macro   0x00015ec6       0x9c obj\debug\middlewares\st\stm32_usb_device_library\class\hid\src\usbd_hid.o
 .debug_macro   0x00015f62       0x16 obj\debug\middlewares\st\stm32_usb_device_library\class\hid\src\usbd_hid.o
 .debug_macro   0x00015f78       0x4a obj\debug\middlewares\st\stm32_usb_device_library\class\hid\src\usbd_hid.o
 .debug_macro   0x00015fc2       0x97 obj\debug\middlewares\st\stm32_usb_device_library\class\hid\src\usbd_hid.o
 .debug_macro   0x00016059      0x30d obj\debug\middlewares\st\stm32_usb_device_library\class\hid\src\usbd_hid.o
 .debug_macro   0x00016366       0xfd obj\debug\middlewares\st\stm32_usb_device_library\class\hid\src\usbd_hid.o
 .debug_macro   0x00016463       0x10 obj\debug\middlewares\st\stm32_usb_device_library\class\hid\src\usbd_hid.o
 .debug_macro   0x00016473       0x52 obj\debug\middlewares\st\stm32_usb_device_library\class\hid\src\usbd_hid.o
 .debug_macro   0x000164c5       0x1f obj\debug\middlewares\st\stm32_usb_device_library\class\hid\src\usbd_hid.o
 .debug_macro   0x000164e4       0x43 obj\debug\middlewares\st\stm32_usb_device_library\class\hid\src\usbd_hid.o
 .debug_macro   0x00016527       0x20 obj\debug\middlewares\st\stm32_usb_device_library\class\hid\src\usbd_hid.o
 .debug_macro   0x00016547      0x187 obj\debug\middlewares\st\stm32_usb_device_library\class\hid\src\usbd_hid.o
 .debug_macro   0x000166ce       0x10 obj\debug\middlewares\st\stm32_usb_device_library\class\hid\src\usbd_hid.o
 .debug_macro   0x000166de       0x1c obj\debug\middlewares\st\stm32_usb_device_library\class\hid\src\usbd_hid.o
 .debug_macro   0x000166fa       0x52 obj\debug\middlewares\st\stm32_usb_device_library\class\hid\src\usbd_hid.o
 .debug_macro   0x0001674c       0x40 obj\debug\middlewares\st\stm32_usb_device_library\class\hid\src\usbd_hid.o
 .debug_macro   0x0001678c       0x10 obj\debug\middlewares\st\stm32_usb_device_library\class\hid\src\usbd_hid.o
 .debug_macro   0x0001679c       0x40 obj\debug\middlewares\st\stm32_usb_device_library\class\hid\src\usbd_hid.o
 .debug_macro   0x000167dc       0xd7 obj\debug\middlewares\st\stm32_usb_device_library\class\hid\src\usbd_hid.o
 .debug_macro   0x000168b3       0x16 obj\debug\middlewares\st\stm32_usb_device_library\class\hid\src\usbd_hid.o
 .debug_macro   0x000168c9      0x189 obj\debug\middlewares\st\stm32_usb_device_library\class\hid\src\usbd_hid.o
 .debug_macro   0x00016a52       0x16 obj\debug\middlewares\st\stm32_usb_device_library\class\hid\src\usbd_hid.o
 .debug_macro   0x00016a68       0x35 obj\debug\middlewares\st\stm32_usb_device_library\class\hid\src\usbd_hid.o
 .debug_macro   0x00016a9d       0x16 obj\debug\middlewares\st\stm32_usb_device_library\class\hid\src\usbd_hid.o
 .debug_macro   0x00016ab3       0x29 obj\debug\middlewares\st\stm32_usb_device_library\class\hid\src\usbd_hid.o
 .debug_macro   0x00016adc       0x16 obj\debug\middlewares\st\stm32_usb_device_library\class\hid\src\usbd_hid.o
 .debug_macro   0x00016af2       0xbd obj\debug\middlewares\st\stm32_usb_device_library\class\hid\src\usbd_hid.o
 .debug_macro   0x00016baf       0x56 obj\debug\middlewares\st\stm32_usb_device_library\class\hid\src\usbd_hid.o
 .debug_macro   0x00016c05       0x1c obj\debug\middlewares\st\stm32_usb_device_library\class\hid\src\usbd_hid.o
 .debug_macro   0x00016c21       0x7c obj\debug\middlewares\st\stm32_usb_device_library\class\hid\src\usbd_hid.o
 .debug_macro   0x00016c9d       0x60 obj\debug\middlewares\st\stm32_usb_device_library\class\hid\src\usbd_hid.o
 .debug_macro   0x00016cfd      0x1c8 obj\debug\middlewares\st\stm32_usb_device_library\class\hid\src\usbd_hid.o
 .debug_macro   0x00016ec5       0x5e obj\debug\middlewares\st\stm32_usb_device_library\class\hid\src\usbd_hid.o
 .debug_macro   0x00016f23      0x37d obj\debug\middlewares\st\stm32_usb_device_library\core\src\usbd_core.o
 .debug_macro   0x000172a0      0x1ce obj\debug\middlewares\st\stm32_usb_device_library\core\src\usbd_core.o
 .debug_macro   0x0001746e      0x387 obj\debug\middlewares\st\stm32_usb_device_library\core\src\usbd_ctlreq.o
 .debug_macro   0x000177f5      0x383 obj\debug\middlewares\st\stm32_usb_device_library\core\src\usbd_ioreq.o
 .debug_macro   0x00017b78      0x1c0 obj\debug\ps2\src\ps2_protocol.o
 .debug_macro   0x00017d38      0x3cb obj\debug\src\main.o
 .debug_macro   0x00018103       0x52 obj\debug\src\main.o
 .debug_macro   0x00018155      0x307 obj\debug\src\main.o
 .debug_macro   0x0001845c       0x2e obj\debug\src\main.o
 .debug_macro   0x0001848a      0x1c0 obj\debug\src\stm32f1xx_hal_msp.o
 .debug_macro   0x0001864a      0x1ca obj\debug\src\stm32f1xx_it.o
 .debug_macro   0x00018814      0x1a8 obj\debug\src\system_stm32f1xx.o
 .debug_macro   0x000189bc      0x3c4 obj\debug\src\usb_device.o
 .debug_macro   0x00018d80       0x22 obj\debug\src\usb_device.o
 .debug_macro   0x00018da2      0x3a0 obj\debug\src\usbd_conf.o
 .debug_macro   0x00019142      0x3ba obj\debug\src\usbd_desc.o
 .debug_macro   0x000194fc       0x1c obj\debug\src\usbd_desc.o

.debug_line     0x00000000     0x9903
 .debug_line    0x00000000      0x6ab obj\debug\drivers\stm32f1xx_hal_driver\src\stm32f1xx_hal.o
 .debug_line    0x000006ab      0x788 obj\debug\drivers\stm32f1xx_hal_driver\src\stm32f1xx_hal_cortex.o
 .debug_line    0x00000e33      0x6a7 obj\debug\drivers\stm32f1xx_hal_driver\src\stm32f1xx_hal_gpio.o
 .debug_line    0x000014da      0xb10 obj\debug\drivers\stm32f1xx_hal_driver\src\stm32f1xx_hal_pcd.o
 .debug_line    0x00001fea      0x51c obj\debug\drivers\stm32f1xx_hal_driver\src\stm32f1xx_hal_pcd_ex.o
 .debug_line    0x00002506      0x76b obj\debug\drivers\stm32f1xx_hal_driver\src\stm32f1xx_hal_rcc.o
 .debug_line    0x00002c71      0x588 obj\debug\drivers\stm32f1xx_hal_driver\src\stm32f1xx_hal_rcc_ex.o
 .debug_line    0x000031f9      0xb43 obj\debug\drivers\stm32f1xx_hal_driver\src\stm32f1xx_ll_usb.o
 .debug_line    0x00003d3c      0x806 obj\debug\middlewares\st\stm32_usb_device_library\class\hid\src\usbd_hid.o
 .debug_line    0x00004542      0x8d5 obj\debug\middlewares\st\stm32_usb_device_library\core\src\usbd_core.o
 .debug_line    0x00004e17      0x979 obj\debug\middlewares\st\stm32_usb_device_library\core\src\usbd_ctlreq.o
 .debug_line    0x00005790      0x73e obj\debug\middlewares\st\stm32_usb_device_library\core\src\usbd_ioreq.o
 .debug_line    0x00005ece      0x79d obj\debug\ps2\src\ps2_protocol.o
 .debug_line    0x0000666b      0x952 obj\debug\src\main.o
 .debug_line    0x00006fbd      0x4e8 obj\debug\src\stm32f1xx_hal_msp.o
 .debug_line    0x000074a5      0x5c5 obj\debug\src\stm32f1xx_it.o
 .debug_line    0x00007a6a      0x4f3 obj\debug\src\system_stm32f1xx.o
 .debug_line    0x00007f5d      0x862 obj\debug\src\usb_device.o
 .debug_line    0x000087bf      0x961 obj\debug\src\usbd_conf.o
 .debug_line    0x00009120      0x767 obj\debug\src\usbd_desc.o
 .debug_line    0x00009887       0x7c obj\debug\startup\startup_stm32f103c8tx.o

.debug_str      0x00000000    0x83eab
 .debug_str     0x00000000    0x7c997 obj\debug\drivers\stm32f1xx_hal_driver\src\stm32f1xx_hal.o
                              0x7ce41 (size before relaxing)
 .debug_str     0x0007c997      0x30b obj\debug\drivers\stm32f1xx_hal_driver\src\stm32f1xx_hal_cortex.o
                              0x7cdca (size before relaxing)
 .debug_str     0x0007cca2      0x3a0 obj\debug\drivers\stm32f1xx_hal_driver\src\stm32f1xx_hal_gpio.o
                              0x7cae3 (size before relaxing)
 .debug_str     0x0007d042      0x6da obj\debug\drivers\stm32f1xx_hal_driver\src\stm32f1xx_hal_pcd.o
                              0x7ce84 (size before relaxing)
 .debug_str     0x0007d71c      0x18a obj\debug\drivers\stm32f1xx_hal_driver\src\stm32f1xx_hal_pcd_ex.o
                              0x7cbd1 (size before relaxing)
 .debug_str     0x0007d8a6      0x378 obj\debug\drivers\stm32f1xx_hal_driver\src\stm32f1xx_hal_rcc.o
                              0x7cb65 (size before relaxing)
 .debug_str     0x0007dc1e      0x128 obj\debug\drivers\stm32f1xx_hal_driver\src\stm32f1xx_hal_rcc_ex.o
                              0x7c8bb (size before relaxing)
 .debug_str     0x0007dd46      0x2aa obj\debug\drivers\stm32f1xx_hal_driver\src\stm32f1xx_ll_usb.o
                              0x7cc04 (size before relaxing)
 .debug_str     0x0007dff0     0x4e9a obj\debug\middlewares\st\stm32_usb_device_library\class\hid\src\usbd_hid.o
                              0x81642 (size before relaxing)
 .debug_str     0x00082e8a      0x19f obj\debug\middlewares\st\stm32_usb_device_library\core\src\usbd_core.o
                              0x81458 (size before relaxing)
 .debug_str     0x00083029      0x12c obj\debug\middlewares\st\stm32_usb_device_library\core\src\usbd_ctlreq.o
                              0x813de (size before relaxing)
 .debug_str     0x00083155       0xc6 obj\debug\middlewares\st\stm32_usb_device_library\core\src\usbd_ioreq.o
                              0x81366 (size before relaxing)
 .debug_str     0x0008321b      0x205 obj\debug\ps2\src\ps2_protocol.o
                              0x7ceb2 (size before relaxing)
 .debug_str     0x00083420      0x3ce obj\debug\src\main.o
                              0x81ddb (size before relaxing)
 .debug_str     0x000837ee       0x18 obj\debug\src\stm32f1xx_hal_msp.o
                              0x7ccde (size before relaxing)
 .debug_str     0x00083806       0xe7 obj\debug\src\stm32f1xx_it.o
                              0x7d093 (size before relaxing)
 .debug_str     0x000838ed       0x4a obj\debug\src\system_stm32f1xx.o
                              0x7c758 (size before relaxing)
 .debug_str     0x00083937      0x1e0 obj\debug\src\usb_device.o
                              0x8189a (size before relaxing)
 .debug_str     0x00083b17      0x148 obj\debug\src\usbd_conf.o
                              0x81e03 (size before relaxing)
 .debug_str     0x00083c5f      0x24c obj\debug\src\usbd_desc.o
                              0x812d9 (size before relaxing)

.comment        0x00000000       0x6e
 .comment       0x00000000       0x6e obj\debug\drivers\stm32f1xx_hal_driver\src\stm32f1xx_hal.o
                                 0x6f (size before relaxing)
 .comment       0x0000006e       0x6f obj\debug\drivers\stm32f1xx_hal_driver\src\stm32f1xx_hal_cortex.o
 .comment       0x0000006e       0x6f obj\debug\drivers\stm32f1xx_hal_driver\src\stm32f1xx_hal_gpio.o
 .comment       0x0000006e       0x6f obj\debug\drivers\stm32f1xx_hal_driver\src\stm32f1xx_hal_pcd.o
 .comment       0x0000006e       0x6f obj\debug\drivers\stm32f1xx_hal_driver\src\stm32f1xx_hal_pcd_ex.o
 .comment       0x0000006e       0x6f obj\debug\drivers\stm32f1xx_hal_driver\src\stm32f1xx_hal_rcc.o
 .comment       0x0000006e       0x6f obj\debug\drivers\stm32f1xx_hal_driver\src\stm32f1xx_hal_rcc_ex.o
 .comment       0x0000006e       0x6f obj\debug\drivers\stm32f1xx_hal_driver\src\stm32f1xx_ll_usb.o
 .comment       0x0000006e       0x6f obj\debug\middlewares\st\stm32_usb_device_library\class\hid\src\usbd_hid.o
 .comment       0x0000006e       0x6f obj\debug\middlewares\st\stm32_usb_device_library\core\src\usbd_core.o
 .comment       0x0000006e       0x6f obj\debug\middlewares\st\stm32_usb_device_library\core\src\usbd_ctlreq.o
 .comment       0x0000006e       0x6f obj\debug\middlewares\st\stm32_usb_device_library\core\src\usbd_ioreq.o
 .comment       0x0000006e       0x6f obj\debug\ps2\src\ps2_protocol.o
 .comment       0x0000006e       0x6f obj\debug\src\main.o
 .comment       0x0000006e       0x6f obj\debug\src\stm32f1xx_hal_msp.o
 .comment       0x0000006e       0x6f obj\debug\src\stm32f1xx_it.o
 .comment       0x0000006e       0x6f obj\debug\src\system_stm32f1xx.o
 .comment       0x0000006e       0x6f obj\debug\src\usb_device.o
 .comment       0x0000006e       0x6f obj\debug\src\usbd_conf.o
 .comment       0x0000006e       0x6f obj\debug\src\usbd_desc.o

.debug_frame    0x00000000     0x2a70
 .debug_frame   0x00000000      0x334 obj\debug\drivers\stm32f1xx_hal_driver\src\stm32f1xx_hal.o
 .debug_frame   0x00000334      0x428 obj\debug\drivers\stm32f1xx_hal_driver\src\stm32f1xx_hal_cortex.o
 .debug_frame   0x0000075c      0x14c obj\debug\drivers\stm32f1xx_hal_driver\src\stm32f1xx_hal_gpio.o
 .debug_frame   0x000008a8      0x578 obj\debug\drivers\stm32f1xx_hal_driver\src\stm32f1xx_hal_pcd.o
 .debug_frame   0x00000e20       0xb0 obj\debug\drivers\stm32f1xx_hal_driver\src\stm32f1xx_hal_pcd_ex.o
 .debug_frame   0x00000ed0      0x21c obj\debug\drivers\stm32f1xx_hal_driver\src\stm32f1xx_hal_rcc.o
 .debug_frame   0x000010ec       0x84 obj\debug\drivers\stm32f1xx_hal_driver\src\stm32f1xx_hal_rcc_ex.o
 .debug_frame   0x00001170      0x450 obj\debug\drivers\stm32f1xx_hal_driver\src\stm32f1xx_ll_usb.o
 .debug_frame   0x000015c0      0x190 obj\debug\middlewares\st\stm32_usb_device_library\class\hid\src\usbd_hid.o
 .debug_frame   0x00001750      0x300 obj\debug\middlewares\st\stm32_usb_device_library\core\src\usbd_core.o
 .debug_frame   0x00001a50      0x218 obj\debug\middlewares\st\stm32_usb_device_library\core\src\usbd_ctlreq.o
 .debug_frame   0x00001c68      0x10c obj\debug\middlewares\st\stm32_usb_device_library\core\src\usbd_ioreq.o
 .debug_frame   0x00001d74      0x220 obj\debug\ps2\src\ps2_protocol.o
 .debug_frame   0x00001f94      0x1b8 obj\debug\src\main.o
 .debug_frame   0x0000214c       0x38 obj\debug\src\stm32f1xx_hal_msp.o
 .debug_frame   0x00002184      0x158 obj\debug\src\stm32f1xx_it.o
 .debug_frame   0x000022dc       0x58 obj\debug\src\system_stm32f1xx.o
 .debug_frame   0x00002334      0x138 obj\debug\src\usb_device.o
 .debug_frame   0x0000246c      0x4a4 obj\debug\src\usbd_conf.o
 .debug_frame   0x00002910      0x160 obj\debug\src\usbd_desc.o
