Archive member included to satisfy reference by file (symbol)

c:/program files (x86)/embitz/1.11/share/em_armgcc/bin/../lib/gcc/arm-none-eabi/5.4.1/../../../../arm-none-eabi/lib/armv7-m\libc.a(lib_a-exit.o)
                              c:/program files (x86)/embitz/1.11/share/em_armgcc/bin/../lib/gcc/arm-none-eabi/5.4.1/../../../../arm-none-eabi/lib/armv7-m/crt0.o (exit)
c:/program files (x86)/embitz/1.11/share/em_armgcc/bin/../lib/gcc/arm-none-eabi/5.4.1/../../../../arm-none-eabi/lib/armv7-m\libc.a(lib_a-impure.o)
                              c:/program files (x86)/embitz/1.11/share/em_armgcc/bin/../lib/gcc/arm-none-eabi/5.4.1/../../../../arm-none-eabi/lib/armv7-m\libc.a(lib_a-exit.o) (_global_impure_ptr)
c:/program files (x86)/embitz/1.11/share/em_armgcc/bin/../lib/gcc/arm-none-eabi/5.4.1/../../../../arm-none-eabi/lib/armv7-m\libc.a(lib_a-init.o)
                              c:/program files (x86)/embitz/1.11/share/em_armgcc/bin/../lib/gcc/arm-none-eabi/5.4.1/../../../../arm-none-eabi/lib/armv7-m/crt0.o (__libc_init_array)
c:/program files (x86)/embitz/1.11/share/em_armgcc/bin/../lib/gcc/arm-none-eabi/5.4.1/../../../../arm-none-eabi/lib/armv7-m\libc.a(lib_a-memset.o)
                              c:/program files (x86)/embitz/1.11/share/em_armgcc/bin/../lib/gcc/arm-none-eabi/5.4.1/../../../../arm-none-eabi/lib/armv7-m/crt0.o (memset)
c:/program files (x86)/embitz/1.11/share/em_armgcc/bin/../lib/gcc/arm-none-eabi/5.4.1/../../../../arm-none-eabi/lib/armv7-m\libc.a(lib_a-__call_atexit.o)
                              c:/program files (x86)/embitz/1.11/share/em_armgcc/bin/../lib/gcc/arm-none-eabi/5.4.1/../../../../arm-none-eabi/lib/armv7-m\libc.a(lib_a-exit.o) (__call_exitprocs)
c:/program files (x86)/embitz/1.11/share/em_armgcc/bin/../lib/gcc/arm-none-eabi/5.4.1/../../../../arm-none-eabi/lib/armv7-m\libc.a(lib_a-atexit.o)
                              c:/program files (x86)/embitz/1.11/share/em_armgcc/bin/../lib/gcc/arm-none-eabi/5.4.1/../../../../arm-none-eabi/lib/armv7-m\libc.a(lib_a-__call_atexit.o) (atexit)
c:/program files (x86)/embitz/1.11/share/em_armgcc/bin/../lib/gcc/arm-none-eabi/5.4.1/../../../../arm-none-eabi/lib/armv7-m\libc.a(lib_a-fini.o)
                              c:/program files (x86)/embitz/1.11/share/em_armgcc/bin/../lib/gcc/arm-none-eabi/5.4.1/../../../../arm-none-eabi/lib/armv7-m\libc.a(lib_a-__call_atexit.o) (__libc_fini_array)
c:/program files (x86)/embitz/1.11/share/em_armgcc/bin/../lib/gcc/arm-none-eabi/5.4.1/../../../../arm-none-eabi/lib/armv7-m\libc.a(lib_a-__atexit.o)
                              c:/program files (x86)/embitz/1.11/share/em_armgcc/bin/../lib/gcc/arm-none-eabi/5.4.1/../../../../arm-none-eabi/lib/armv7-m\libc.a(lib_a-atexit.o) (__register_exitproc)
c:/program files (x86)/embitz/1.11/share/em_armgcc/bin/../lib/gcc/arm-none-eabi/5.4.1/../../../../arm-none-eabi/lib/armv7-m\libg_n.a(lib_a-errno.o)
                              obj\release\src\syscalls.o (__errno)

Allocating common symbols
Common symbol       size              file

hUsbDeviceFS        0x2c4             obj\release\src\usb_device.o
hhids               0x20              obj\release\src\main.o
uwTick              0x4               obj\release\drivers\stm32f1xx_hal_driver\src\stm32f1xx_hal.o
pFlash              0x20              obj\release\drivers\stm32f1xx_hal_driver\src\stm32f1xx_hal_flash.o
PS2_InterfaceMap    0x8               obj\release\middlewares\st\stm32_usb_device_library\class\hid\src\usbd_hid.o
ps2_1               0x90              obj\release\src\main.o
ps2_2               0x90              obj\release\src\main.o
hpcd_USB_FS         0x2ec             obj\release\src\usbd_conf.o
USBD_StrDesc        0x80              obj\release\src\usbd_desc.o

Discarded input sections

 .text          0x00000000        0x0 c:/program files (x86)/embitz/1.11/share/em_armgcc/bin/../lib/gcc/arm-none-eabi/5.4.1/armv7-m/crti.o
 .data          0x00000000        0x0 c:/program files (x86)/embitz/1.11/share/em_armgcc/bin/../lib/gcc/arm-none-eabi/5.4.1/armv7-m/crti.o
 .bss           0x00000000        0x0 c:/program files (x86)/embitz/1.11/share/em_armgcc/bin/../lib/gcc/arm-none-eabi/5.4.1/armv7-m/crti.o
 .data          0x00000000        0x4 c:/program files (x86)/embitz/1.11/share/em_armgcc/bin/../lib/gcc/arm-none-eabi/5.4.1/armv7-m/crtbegin.o
 .text          0x00000000       0x74 c:/program files (x86)/embitz/1.11/share/em_armgcc/bin/../lib/gcc/arm-none-eabi/5.4.1/../../../../arm-none-eabi/lib/armv7-m/crt0.o
 .data          0x00000000        0x0 c:/program files (x86)/embitz/1.11/share/em_armgcc/bin/../lib/gcc/arm-none-eabi/5.4.1/../../../../arm-none-eabi/lib/armv7-m/crt0.o
 .bss           0x00000000        0x0 c:/program files (x86)/embitz/1.11/share/em_armgcc/bin/../lib/gcc/arm-none-eabi/5.4.1/../../../../arm-none-eabi/lib/armv7-m/crt0.o
 .ARM.extab     0x00000000        0x0 c:/program files (x86)/embitz/1.11/share/em_armgcc/bin/../lib/gcc/arm-none-eabi/5.4.1/../../../../arm-none-eabi/lib/armv7-m/crt0.o
[...]
Memory Configuration

Name             Origin             Length             Attributes
RAM              0x20000000         0x00005000         xrw
FLASH            0x08000000         0x00010000         xr
*default*        0x00000000         0xffffffff

Linker script and memory map

LOAD c:/program files (x86)/embitz/1.11/share/em_armgcc/bin/../lib/gcc/arm-none-eabi/5.4.1/armv7-m/crti.o
LOAD c:/program files (x86)/embitz/1.11/share/em_armgcc/bin/../lib/gcc/arm-none-eabi/5.4.1/armv7-m/crtbegin.o
LOAD c:/program files (x86)/embitz/1.11/share/em_armgcc/bin/../lib/gcc/arm-none-eabi/5.4.1/../../../../arm-none-eabi/lib/armv7-m/crt0.o
                0x00000000                __HEAP_SIZE = 0x0
                0x00000000                __STACK_SIZE = 0x0
                0x20005000                _estack = (ORIGIN (RAM) + LENGTH (RAM))
                0x00000200                _Min_Heap_Size = 0x200
                0x00000400                _Min_Stack_Size = 0x400

.isr_vector     0x08000000      0x10c
                0x08000000                . = ALIGN (0x4)
 *(.isr_vector)
 .isr_vector    0x08000000      0x10c obj\release\startup\startup_stm32f103c8tx.o
                0x08000000                g_pfnVectors
                0x0800010c                . = ALIGN (0x4)

.text           0x0800010c     0x4720
                0x0800010c                . = ALIGN (0x4)
 *(.text)
 .text          0x0800010c       0x5c c:/program files (x86)/embitz/1.11/share/em_armgcc/bin/../lib/gcc/arm-none-eabi/5.4.1/armv7-m/crtbegin.o
 *(.text*)
 .text.__libc_init_array
                0x08000168       0x50 c:/program files (x86)/embitz/1.11/share/em_armgcc/bin/../lib/gcc/arm-none-eabi/5.4.1/../../../../arm-none-eabi/lib/armv7-m\libc.a(lib_a-init.o)
                0x08000168                __libc_init_array
 .text.memset   0x080001b8       0x9c c:/program files (x86)/embitz/1.11/share/em_armgcc/bin/../lib/gcc/arm-none-eabi/5.4.1/../../../../arm-none-eabi/lib/armv7-m\libc.a(lib_a-memset.o)
                0x080001b8                memset
 .text.startup.register_fini
                0x08000254       0x14 c:/program files (x86)/embitz/1.11/share/em_armgcc/bin/../lib/gcc/arm-none-eabi/5.4.1/../../../../arm-none-eabi/lib/armv7-m\libc.a(lib_a-__call_atexit.o)
 .text.atexit   0x08000268        0xc c:/program files (x86)/embitz/1.11/share/em_armgcc/bin/../lib/gcc/arm-none-eabi/5.4.1/../../../../arm-none-eabi/lib/armv7-m\libc.a(lib_a-atexit.o)
                0x08000268                atexit
 .text.__libc_fini_array
                0x08000274       0x28 c:/program files (x86)/embitz/1.11/share/em_armgcc/bin/../lib/gcc/arm-none-eabi/5.4.1/../../../../arm-none-eabi/lib/armv7-m\libc.a(lib_a-fini.o)
                0x08000274                __libc_fini_array
 .text.__register_exitproc
                0x0800029c       0xa4 c:/program files (x86)/embitz/1.11/share/em_armgcc/bin/../lib/gcc/arm-none-eabi/5.4.1/../../../../arm-none-eabi/lib/armv7-m\libc.a(lib_a-__atexit.o)
                0x0800029c                __register_exitproc
 .text.HAL_InitTick
                0x08000340       0x48 obj\release\drivers\stm32f1xx_hal_driver\src\stm32f1xx_hal.o
                0x08000340                HAL_InitTick
 .text.HAL_Init
                0x08000388       0x24 obj\release\drivers\stm32f1xx_hal_driver\src\stm32f1xx_hal.o
                0x08000388                HAL_Init
 .text.HAL_IncTick
                0x080003ac       0x18 obj\release\drivers\stm32f1xx_hal_driver\src\stm32f1xx_hal.o
                0x080003ac                HAL_IncTick
 .text.HAL_GetTick
                0x080003c4        0xc obj\release\drivers\stm32f1xx_hal_driver\src\stm32f1xx_hal.o
                0x080003c4                HAL_GetTick
 .text.HAL_Delay
                0x080003d0       0x24 obj\release\drivers\stm32f1xx_hal_driver\src\stm32f1xx_hal.o
                0x080003d0                HAL_Delay
 .text.HAL_NVIC_SetPriorityGrouping
                0x080003f4       0x24 obj\release\drivers\stm32f1xx_hal_driver\src\stm32f1xx_hal_cortex.o
                0x080003f4                HAL_NVIC_SetPriorityGrouping
 .text.HAL_NVIC_SetPriority
                0x08000418       0x70 obj\release\drivers\stm32f1xx_hal_driver\src\stm32f1xx_hal_cortex.o
                0x08000418                HAL_NVIC_SetPriority
 .text.HAL_NVIC_EnableIRQ
                0x08000488       0x1c obj\release\drivers\stm32f1xx_hal_driver\src\stm32f1xx_hal_cortex.o
                0x08000488                HAL_NVIC_EnableIRQ
 .text.HAL_SYSTICK_Config
                0x080004a4       0x30 obj\release\drivers\stm32f1xx_hal_driver\src\stm32f1xx_hal_cortex.o
                0x080004a4                HAL_SYSTICK_Config
 .text.HAL_GPIO_Init
                0x080004d4      0x1e4 obj\release\drivers\stm32f1xx_hal_driver\src\stm32f1xx_hal_gpio.o
                0x080004d4                HAL_GPIO_Init
 .text.HAL_GPIO_ReadPin
                0x080006b8        0xc obj\release\drivers\stm32f1xx_hal_driver\src\stm32f1xx_hal_gpio.o
                0x080006b8                HAL_GPIO_ReadPin
 .text.HAL_GPIO_WritePin
                0x080006c4        0x8 obj\release\drivers\stm32f1xx_hal_driver\src\stm32f1xx_hal_gpio.o
                0x080006c4                HAL_GPIO_WritePin
 .text.HAL_GPIO_TogglePin
                0x080006cc       0x14 obj\release\drivers\stm32f1xx_hal_driver\src\stm32f1xx_hal_gpio.o
                0x080006cc                HAL_GPIO_TogglePin
 .text.HAL_GPIO_EXTI_IRQHandler
                0x080006e0       0x18 obj\release\drivers\stm32f1xx_hal_driver\src\stm32f1xx_hal_gpio.o
                0x080006e0                HAL_GPIO_EXTI_IRQHandler
 .text.HAL_PCD_Init
                0x080006f8       0xfc obj\release\drivers\stm32f1xx_hal_driver\src\stm32f1xx_hal_pcd.o
                0x080006f8                HAL_PCD_Init
 .text.HAL_PCD_Start
                0x080007f4       0x34 obj\release\drivers\stm32f1xx_hal_driver\src\stm32f1xx_hal_pcd.o
                0x080007f4                HAL_PCD_Start
 .text.HAL_PCD_IRQHandler
                0x08000828      0xa34 obj\release\drivers\stm32f1xx_hal_driver\src\stm32f1xx_hal_pcd.o
                0x08000828                HAL_PCD_IRQHandler
 .text.HAL_PCD_SetAddress
                0x0800125c       0x28 obj\release\drivers\stm32f1xx_hal_driver\src\stm32f1xx_hal_pcd.o
                0x0800125c                HAL_PCD_SetAddress
 .text.HAL_PCD_EP_Open
                0x08001284       0x64 obj\release\drivers\stm32f1xx_hal_driver\src\stm32f1xx_hal_pcd.o
                0x08001284                HAL_PCD_EP_Open
 .text.HAL_PCD_EP_Close
                0x080012e8       0x54 obj\release\drivers\stm32f1xx_hal_driver\src\stm32f1xx_hal_pcd.o
                0x080012e8                HAL_PCD_EP_Close
 .text.HAL_PCD_EP_Receive
                0x0800133c       0x34 obj\release\drivers\stm32f1xx_hal_driver\src\stm32f1xx_hal_pcd.o
                0x0800133c                HAL_PCD_EP_Receive
 .text.HAL_PCD_EP_Transmit
                0x08001370       0x3c obj\release\drivers\stm32f1xx_hal_driver\src\stm32f1xx_hal_pcd.o
                0x08001370                HAL_PCD_EP_Transmit
 .text.HAL_PCD_EP_SetStall
                0x080013ac       0x6c obj\release\drivers\stm32f1xx_hal_driver\src\stm32f1xx_hal_pcd.o
                0x080013ac                HAL_PCD_EP_SetStall
 .text.HAL_PCD_EP_ClrStall
                0x08001418       0x64 obj\release\drivers\stm32f1xx_hal_driver\src\stm32f1xx_hal_pcd.o
                0x08001418                HAL_PCD_EP_ClrStall
 .text.HAL_PCDEx_PMAConfig
                0x0800147c       0x3c obj\release\drivers\stm32f1xx_hal_driver\src\stm32f1xx_hal_pcd_ex.o
                0x0800147c                HAL_PCDEx_PMAConfig
 .text.HAL_RCC_OscConfig
                0x080014b8      0x3fc obj\release\drivers\stm32f1xx_hal_driver\src\stm32f1xx_hal_rcc.o
                0x080014b8                HAL_RCC_OscConfig
 .text.HAL_RCC_GetSysClockFreq
                0x080018b4       0x78 obj\release\drivers\stm32f1xx_hal_driver\src\stm32f1xx_hal_rcc.o
                0x080018b4                HAL_RCC_GetSysClockFreq
 .text.HAL_RCC_ClockConfig
                0x0800192c      0x14c obj\release\drivers\stm32f1xx_hal_driver\src\stm32f1xx_hal_rcc.o
                0x0800192c                HAL_RCC_ClockConfig
 .text.HAL_RCC_GetHCLKFreq
                0x08001a78        0xc obj\release\drivers\stm32f1xx_hal_driver\src\stm32f1xx_hal_rcc.o
                0x08001a78                HAL_RCC_GetHCLKFreq
 .text.HAL_RCCEx_PeriphCLKConfig
                0x08001a84      0x108 obj\release\drivers\stm32f1xx_hal_driver\src\stm32f1xx_hal_rcc_ex.o
                0x08001a84                HAL_RCCEx_PeriphCLKConfig
 .text.USB_CoreInit
                0x08001b8c       0x10 obj\release\drivers\stm32f1xx_hal_driver\src\stm32f1xx_ll_usb.o
                0x08001b8c                USB_CoreInit
 .text.USB_EnableGlobalInt
                0x08001b9c       0x14 obj\release\drivers\stm32f1xx_hal_driver\src\stm32f1xx_ll_usb.o
                0x08001b9c                USB_EnableGlobalInt
 .text.USB_DisableGlobalInt
                0x08001bb0       0x14 obj\release\drivers\stm32f1xx_hal_driver\src\stm32f1xx_ll_usb.o
                0x08001bb0                USB_DisableGlobalInt
 .text.USB_SetCurrentMode
                0x08001bc4        0x4 obj\release\drivers\stm32f1xx_hal_driver\src\stm32f1xx_ll_usb.o
                0x08001bc4                USB_SetCurrentMode
 .text.USB_DevInit
                0x08001bc8       0x28 obj\release\drivers\stm32f1xx_hal_driver\src\stm32f1xx_ll_usb.o
                0x08001bc8                USB_DevInit
 .text.USB_ActivateEndpoint
                0x08001bf0      0x338 obj\release\drivers\stm32f1xx_hal_driver\src\stm32f1xx_ll_usb.o
                0x08001bf0                USB_ActivateEndpoint
 .text.USB_DeactivateEndpoint
                0x08001f28      0x1d4 obj\release\drivers\stm32f1xx_hal_driver\src\stm32f1xx_ll_usb.o
                0x08001f28                USB_DeactivateEndpoint
 .text.USB_EPStartXfer
                0x080020fc      0x71c obj\release\drivers\stm32f1xx_hal_driver\src\stm32f1xx_ll_usb.o
                0x080020fc                USB_EPStartXfer
 .text.USB_EPSetStall
                0x08002818       0x50 obj\release\drivers\stm32f1xx_hal_driver\src\stm32f1xx_ll_usb.o
                0x08002818                USB_EPSetStall
 .text.USB_EPClearStall
                0x08002868       0xa8 obj\release\drivers\stm32f1xx_hal_driver\src\stm32f1xx_ll_usb.o
                0x08002868                USB_EPClearStall
 .text.USB_SetDevAddress
                0x08002910        0xc obj\release\drivers\stm32f1xx_hal_driver\src\stm32f1xx_ll_usb.o
                0x08002910                USB_SetDevAddress
 .text.USB_DevConnect
                0x0800291c        0x4 obj\release\drivers\stm32f1xx_hal_driver\src\stm32f1xx_ll_usb.o
                0x0800291c                USB_DevConnect
 .text.USB_DevDisconnect
                0x08002920        0x4 obj\release\drivers\stm32f1xx_hal_driver\src\stm32f1xx_ll_usb.o
                0x08002920                USB_DevDisconnect
 .text.USB_ReadInterrupts
                0x08002924        0x8 obj\release\drivers\stm32f1xx_hal_driver\src\stm32f1xx_ll_usb.o
                0x08002924                USB_ReadInterrupts
 .text.USB_EP0_OutStart
                0x0800292c        0x4 obj\release\drivers\stm32f1xx_hal_driver\src\stm32f1xx_ll_usb.o
                0x0800292c                USB_EP0_OutStart
 .text.USB_WritePMA
                0x08002930       0x1c obj\release\drivers\stm32f1xx_hal_driver\src\stm32f1xx_ll_usb.o
                0x08002930                USB_WritePMA
 .text.USB_ReadPMA
                0x0800294c       0x40 obj\release\drivers\stm32f1xx_hal_driver\src\stm32f1xx_ll_usb.o
                0x0800294c                USB_ReadPMA
 .text.USBD_HID_GetFSCfgDesc
                0x0800298c        0xc obj\release\middlewares\st\stm32_usb_device_library\class\hid\src\usbd_hid.o
 .text.USBD_HID_GetHSCfgDesc
                0x08002998        0xc obj\release\middlewares\st\stm32_usb_device_library\class\hid\src\usbd_hid.o
 .text.USBD_HID_GetOtherSpeedCfgDesc
                0x080029a4        0xc obj\release\middlewares\st\stm32_usb_device_library\class\hid\src\usbd_hid.o
 .text.USBD_HID_DataIn
                0x080029b0        0xc obj\release\middlewares\st\stm32_usb_device_library\class\hid\src\usbd_hid.o
 .text.USBD_HID_GetDeviceQualifierDesc
                0x080029bc        0xc obj\release\middlewares\st\stm32_usb_device_library\class\hid\src\usbd_hid.o
 .text.USBD_HID_Setup
                0x080029c8      0x124 obj\release\middlewares\st\stm32_usb_device_library\class\hid\src\usbd_hid.o
 .text.USBD_HID_DeInit
                0x08002aec       0x20 obj\release\middlewares\st\stm32_usb_device_library\class\hid\src\usbd_hid.o
 .text.USBD_HID_Init
                0x08002b0c       0x2c obj\release\middlewares\st\stm32_usb_device_library\class\hid\src\usbd_hid.o
 .text.USBD_Init
                0x08002b38       0x2c obj\release\middlewares\st\stm32_usb_device_library\core\src\usbd_core.o
                0x08002b38                USBD_Init
 .text.USBD_RegisterClass
                0x08002b64       0x10 obj\release\middlewares\st\stm32_usb_device_library\core\src\usbd_core.o
                0x08002b64                USBD_RegisterClass
 .text.USBD_Start
                0x08002b74        0xc obj\release\middlewares\st\stm32_usb_device_library\core\src\usbd_core.o
                0x08002b74                USBD_Start
 .text.USBD_SetClassConfig
                0x08002b80       0x14 obj\release\middlewares\st\stm32_usb_device_library\core\src\usbd_core.o
                0x08002b80                USBD_SetClassConfig
 .text.USBD_ClrClassConfig
                0x08002b94       0x10 obj\release\middlewares\st\stm32_usb_device_library\core\src\usbd_core.o
                0x08002b94                USBD_ClrClassConfig
 .text.USBD_LL_SetupStage
                0x08002ba4       0x60 obj\release\middlewares\st\stm32_usb_device_library\core\src\usbd_core.o
                0x08002ba4                USBD_LL_SetupStage
 .text.USBD_LL_DataOutStage
                0x08002c04       0x80 obj\release\middlewares\st\stm32_usb_device_library\core\src\usbd_core.o
                0x08002c04                USBD_LL_DataOutStage
 .text.USBD_LL_DataInStage
                0x08002c84       0xc0 obj\release\middlewares\st\stm32_usb_device_library\core\src\usbd_core.o
                0x08002c84                USBD_LL_DataInStage
 .text.USBD_LL_Reset
                0x08002d44       0x50 obj\release\middlewares\st\stm32_usb_device_library\core\src\usbd_core.o
                0x08002d44                USBD_LL_Reset
 .text.USBD_LL_SetSpeed
                0x08002d94        0x8 obj\release\middlewares\st\stm32_usb_device_library\core\src\usbd_core.o
                0x08002d94                USBD_LL_SetSpeed
 .text.USBD_LL_Suspend
                0x08002d9c       0x14 obj\release\middlewares\st\stm32_usb_device_library\core\src\usbd_core.o
                0x08002d9c                USBD_LL_Suspend
 .text.USBD_LL_Resume
                0x08002db0       0x14 obj\release\middlewares\st\stm32_usb_device_library\core\src\usbd_core.o
                0x08002db0                USBD_LL_Resume
 .text.USBD_LL_SOF
                0x08002dc4       0x1c obj\release\middlewares\st\stm32_usb_device_library\core\src\usbd_core.o
                0x08002dc4                USBD_LL_SOF
 .text.USBD_StdDevReq
                0x08002de0      0x2d4 obj\release\middlewares\st\stm32_usb_device_library\core\src\usbd_ctlreq.o
                0x08002de0                USBD_StdDevReq
 .text.USBD_StdItfReq
                0x080030b4       0x6c obj\release\middlewares\st\stm32_usb_device_library\core\src\usbd_ctlreq.o
                0x080030b4                USBD_StdItfReq
 .text.USBD_StdEPReq
                0x08003120      0x150 obj\release\middlewares\st\stm32_usb_device_library\core\src\usbd_ctlreq.o
                0x08003120                USBD_StdEPReq
 .text.USBD_ParseSetupRequest
                0x08003270       0x28 obj\release\middlewares\st\stm32_usb_device_library\core\src\usbd_ctlreq.o
                0x08003270                USBD_ParseSetupRequest
 .text.USBD_CtlError
                0x08003298       0x18 obj\release\middlewares\st\stm32_usb_device_library\core\src\usbd_ctlreq.o
                0x08003298                USBD_CtlError
 .text.USBD_GetString
                0x080032b0       0x48 obj\release\middlewares\st\stm32_usb_device_library\core\src\usbd_ctlreq.o
                0x080032b0                USBD_GetString
 .text.USBD_CtlSendData
                0x080032f8       0x1c obj\release\middlewares\st\stm32_usb_device_library\core\src\usbd_ioreq.o
                0x080032f8                USBD_CtlSendData
 .text.USBD_CtlContinueSendData
                0x08003314       0x10 obj\release\middlewares\st\stm32_usb_device_library\core\src\usbd_ioreq.o
                0x08003314                USBD_CtlContinueSendData
 .text.USBD_CtlPrepareRx
                0x08003324       0x20 obj\release\middlewares\st\stm32_usb_device_library\core\src\usbd_ioreq.o
                0x08003324                USBD_CtlPrepareRx
 .text.USBD_CtlContinueRx
                0x08003344       0x10 obj\release\middlewares\st\stm32_usb_device_library\core\src\usbd_ioreq.o
                0x08003344                USBD_CtlContinueRx
 .text.USBD_CtlSendStatus
                0x08003354       0x18 obj\release\middlewares\st\stm32_usb_device_library\core\src\usbd_ioreq.o
                0x08003354                USBD_CtlSendStatus
 .text.USBD_CtlReceiveStatus
                0x0800336c       0x18 obj\release\middlewares\st\stm32_usb_device_library\core\src\usbd_ioreq.o
                0x0800336c                USBD_CtlReceiveStatus
 .text.PS2_SendByteAsync
                0x08003384       0xac obj\release\ps2\src\ps2_protocol.o
                0x08003384                PS2_SendByteAsync
 .text.PS2_SendByte
                0x08003430       0x18 obj\release\ps2\src\ps2_protocol.o
                0x08003430                PS2_SendByte
 .text.PS2_ProcessData
                0x08003448      0x1c8 obj\release\ps2\src\ps2_protocol.o
                0x08003448                PS2_ProcessData
 .text.PS2_DrawByteFormFIFOBuffer
                0x08003610       0x34 obj\release\ps2\src\ps2_protocol.o
                0x08003610                PS2_DrawByteFormFIFOBuffer
 .text.PS2_FIFOBuffer_Flush
                0x08003644        0xc obj\release\ps2\src\ps2_protocol.o
                0x08003644                PS2_FIFOBuffer_Flush
 .text.PS2_WaitForAnswer
                0x08003650       0x78 obj\release\ps2\src\ps2_protocol.o
                0x08003650                PS2_WaitForAnswer
 .text.PS2_initHandle
                0x080036c8      0x1fc obj\release\ps2\src\ps2_protocol.o
                0x080036c8                PS2_initHandle
 .text.processDeviceEvent
                0x080038c4      0x3c0 obj\release\src\main.o
 .text.SystemClock_Config
                0x08003c84       0x80 obj\release\src\main.o
                0x08003c84                SystemClock_Config
 .text.startup.main
                0x08003d04      0x184 obj\release\src\main.o
                0x08003d04                main
 .text.PS2_PINS_Output_OD_High
                0x08003e88       0x6c obj\release\src\main.o
                0x08003e88                PS2_PINS_Output_OD_High
 .text.BSP_PS2_Init
                0x08003ef4       0xb0 obj\release\src\main.o
                0x08003ef4                BSP_PS2_Init
 .text.HAL_GPIO_EXTI_Callback
                0x08003fa4       0x20 obj\release\src\main.o
                0x08003fa4                HAL_GPIO_EXTI_Callback
 .text.PS2_SetLeds
                0x08003fc4       0x28 obj\release\src\main.o
                0x08003fc4                PS2_SetLeds
 .text.Error_Handler
                0x08003fec        0x4 obj\release\src\main.o
                0x08003fec                Error_Handler
 .text.HAL_MspInit
                0x08003ff0       0x44 obj\release\src\stm32f1xx_hal_msp.o
                0x08003ff0                HAL_MspInit
 .text.NMI_Handler
                0x08004034        0x4 obj\release\src\stm32f1xx_it.o
                0x08004034                NMI_Handler
 .text.HardFault_Handler
                0x08004038        0x4 obj\release\src\stm32f1xx_it.o
                0x08004038                HardFault_Handler
 .text.MemManage_Handler
                0x0800403c        0x4 obj\release\src\stm32f1xx_it.o
                0x0800403c                MemManage_Handler
 .text.BusFault_Handler
                0x08004040        0x4 obj\release\src\stm32f1xx_it.o
                0x08004040                BusFault_Handler
 .text.UsageFault_Handler
                0x08004044        0x4 obj\release\src\stm32f1xx_it.o
                0x08004044                UsageFault_Handler
 .text.SVC_Handler
                0x08004048        0x4 obj\release\src\stm32f1xx_it.o
                0x08004048                SVC_Handler
 .text.DebugMon_Handler
                0x0800404c        0x4 obj\release\src\stm32f1xx_it.o
                0x0800404c                DebugMon_Handler
 .text.PendSV_Handler
                0x08004050        0x4 obj\release\src\stm32f1xx_it.o
                0x08004050                PendSV_Handler
 .text.SysTick_Handler
                0x08004054        0x4 obj\release\src\stm32f1xx_it.o
                0x08004054                SysTick_Handler
 .text.EXTI4_IRQHandler
                0x08004058        0x8 obj\release\src\stm32f1xx_it.o
                0x08004058                EXTI4_IRQHandler
 .text.USB_LP_CAN1_RX0_IRQHandler
                0x08004060        0xc obj\release\src\stm32f1xx_it.o
                0x08004060                USB_LP_CAN1_RX0_IRQHandler
 .text.EXTI15_10_IRQHandler
                0x0800406c        0x8 obj\release\src\stm32f1xx_it.o
                0x0800406c                EXTI15_10_IRQHandler
 .text.SystemInit
                0x08004074        0x4 obj\release\src\system_stm32f1xx.o
                0x08004074                SystemInit
 .text.USBD_HID_DataIn
                0x08004078       0x1c obj\release\src\usb_device.o
 .text.USBD_HID_EP0_RxReady
                0x08004094       0x4c obj\release\src\usb_device.o
 .text.USBD_HID_Init
                0x080040e0       0x3c obj\release\src\usb_device.o
 .text.USBD_HID_Setup
                0x0800411c      0x1cc obj\release\src\usb_device.o
 .text.BuildfFSCfgDesc.constprop.0
                0x080042e8       0xc0 obj\release\src\usb_device.o
 .text.USBD_HID_GetFSCfgDesc
                0x080043a8       0x24 obj\release\src\usb_device.o
 .text.USBD_HID_COMPOSITE_SendReport
                0x080043cc       0x28 obj\release\src\usb_device.o
                0x080043cc                USBD_HID_COMPOSITE_SendReport
 .text.MX_USB_DEVICE_Init
                0x080043f4       0x74 obj\release\src\usb_device.o
                0x080043f4                MX_USB_DEVICE_Init
 .text.HAL_PCD_MspInit
                0x08004468       0x40 obj\release\src\usbd_conf.o
                0x08004468                HAL_PCD_MspInit
 .text.HAL_PCD_SetupStageCallback
                0x080044a8        0xc obj\release\src\usbd_conf.o
                0x080044a8                HAL_PCD_SetupStageCallback
 .text.HAL_PCD_DataOutStageCallback
                0x080044b4       0x14 obj\release\src\usbd_conf.o
                0x080044b4                HAL_PCD_DataOutStageCallback
 .text.HAL_PCD_DataInStageCallback
                0x080044c8       0x14 obj\release\src\usbd_conf.o
                0x080044c8                HAL_PCD_DataInStageCallback
 .text.HAL_PCD_SOFCallback
                0x080044dc        0x8 obj\release\src\usbd_conf.o
                0x080044dc                HAL_PCD_SOFCallback
 .text.HAL_PCD_ResetCallback
                0x080044e4       0x24 obj\release\src\usbd_conf.o
                0x080044e4                HAL_PCD_ResetCallback
 .text.HAL_PCD_SuspendCallback
                0x08004508       0x20 obj\release\src\usbd_conf.o
                0x08004508                HAL_PCD_SuspendCallback
 .text.HAL_PCD_ResumeCallback
                0x08004528        0x8 obj\release\src\usbd_conf.o
                0x08004528                HAL_PCD_ResumeCallback
 .text.USBD_LL_Init
                0x08004530       0x78 obj\release\src\usbd_conf.o
                0x08004530                USBD_LL_Init
 .text.USBD_LL_Start
                0x080045a8       0x1c obj\release\src\usbd_conf.o
                0x080045a8                USBD_LL_Start
 .text.USBD_LL_OpenEP
                0x080045c4       0x20 obj\release\src\usbd_conf.o
                0x080045c4                USBD_LL_OpenEP
 .text.USBD_LL_CloseEP
                0x080045e4       0x1c obj\release\src\usbd_conf.o
                0x080045e4                USBD_LL_CloseEP
 .text.USBD_LL_StallEP
                0x08004600       0x1c obj\release\src\usbd_conf.o
                0x08004600                USBD_LL_StallEP
 .text.USBD_LL_ClearStallEP
                0x0800461c       0x1c obj\release\src\usbd_conf.o
                0x0800461c                USBD_LL_ClearStallEP
 .text.USBD_LL_IsStallEP
                0x08004638       0x28 obj\release\src\usbd_conf.o
                0x08004638                USBD_LL_IsStallEP
 .text.USBD_LL_SetUSBAddress
                0x08004660       0x1c obj\release\src\usbd_conf.o
                0x08004660                USBD_LL_SetUSBAddress
 .text.USBD_LL_Transmit
                0x0800467c       0x1c obj\release\src\usbd_conf.o
                0x0800467c                USBD_LL_Transmit
 .text.USBD_LL_PrepareReceive
                0x08004698       0x1c obj\release\src\usbd_conf.o
                0x08004698                USBD_LL_PrepareReceive
 .text.USBD_static_malloc
                0x080046b4        0x8 obj\release\src\usbd_conf.o
                0x080046b4                USBD_static_malloc
 .text.USBD_static_free
                0x080046bc        0x4 obj\release\src\usbd_conf.o
                0x080046bc                USBD_static_free
 .text.HAL_PCDEx_SetConnectionState
                0x080046c0        0x4 obj\release\src\usbd_conf.o
                0x080046c0                HAL_PCDEx_SetConnectionState
 .text.USBD_FS_DeviceDescriptor
                0x080046c4        0xc obj\release\src\usbd_desc.o
                0x080046c4                USBD_FS_DeviceDescriptor
 .text.USBD_FS_LangIDStrDescriptor
                0x080046d0        0xc obj\release\src\usbd_desc.o
                0x080046d0                USBD_FS_LangIDStrDescriptor
 .text.IntToUnicode
                0x080046dc       0x34 obj\release\src\usbd_desc.o
 .text.USBD_FS_SerialStrDescriptor
                0x08004710       0x48 obj\release\src\usbd_desc.o
                0x08004710                USBD_FS_SerialStrDescriptor
 .text.USBD_FS_ManufacturerStrDescriptor
                0x08004758       0x1c obj\release\src\usbd_desc.o
                0x08004758                USBD_FS_ManufacturerStrDescriptor
 .text.USBD_FS_ProductStrDescriptor
                0x08004774       0x1c obj\release\src\usbd_desc.o
                0x08004774                USBD_FS_ProductStrDescriptor
 .text.USBD_FS_ConfigStrDescriptor
                0x08004790       0x1c obj\release\src\usbd_desc.o
                0x08004790                USBD_FS_ConfigStrDescriptor
 .text.USBD_FS_InterfaceStrDescriptor
                0x080047ac       0x1c obj\release\src\usbd_desc.o
                0x080047ac                USBD_FS_InterfaceStrDescriptor
 .text.Reset_Handler
                0x080047c8       0x48 obj\release\startup\startup_stm32f103c8tx.o
                0x080047c8                Reset_Handler
 .text.Default_Handler
                0x08004810        0x2 obj\release\startup\startup_stm32f103c8tx.o
                0x08004810                RTC_Alarm_IRQHandler
                0x08004810                EXTI2_IRQHandler
                0x08004810                TIM1_CC_IRQHandler
                0x08004810                PVD_IRQHandler
                0x08004810                EXTI3_IRQHandler
                0x08004810                EXTI0_IRQHandler
                0x08004810                I2C2_EV_IRQHandler
                0x08004810                ADC1_2_IRQHandler
                0x08004810                SPI1_IRQHandler
                0x08004810                TAMPER_IRQHandler
                0x08004810                DMA1_Channel4_IRQHandler
                0x08004810                USART3_IRQHandler
                0x08004810                RTC_IRQHandler
                0x08004810                DMA1_Channel7_IRQHandler
                0x08004810                CAN1_RX1_IRQHandler
                0x08004810                TIM4_IRQHandler
                0x08004810                I2C1_EV_IRQHandler
                0x08004810                DMA1_Channel6_IRQHandler
                0x08004810                TIM3_IRQHandler
                0x08004810                RCC_IRQHandler
                0x08004810                TIM1_TRG_COM_IRQHandler
                0x08004810                DMA1_Channel1_IRQHandler
                0x08004810                Default_Handler
                0x08004810                EXTI9_5_IRQHandler
                0x08004810                SPI2_IRQHandler
                0x08004810                DMA1_Channel5_IRQHandler
                0x08004810                USB_HP_CAN1_TX_IRQHandler
                0x08004810                DMA1_Channel3_IRQHandler
                0x08004810                TIM1_UP_IRQHandler
                0x08004810                WWDG_IRQHandler
                0x08004810                TIM2_IRQHandler
                0x08004810                TIM1_BRK_IRQHandler
                0x08004810                EXTI1_IRQHandler
                0x08004810                USART2_IRQHandler
                0x08004810                I2C2_ER_IRQHandler
                0x08004810                DMA1_Channel2_IRQHandler
                0x08004810                CAN1_SCE_IRQHandler
                0x08004810                FLASH_IRQHandler
                0x08004810                USART1_IRQHandler
                0x08004810                I2C1_ER_IRQHandler
                0x08004810                USBWakeUp_IRQHandler
 *(.glue_7)
 .glue_7        0x08004812        0x0 linker stubs
 *(.glue_7t)
 .glue_7t       0x08004812        0x0 linker stubs
 *(.eh_frame)
 *fill*         0x08004812        0x2 
 .eh_frame      0x08004814        0x0 c:/program files (x86)/embitz/1.11/share/em_armgcc/bin/../lib/gcc/arm-none-eabi/5.4.1/armv7-m/crtbegin.o
 *(.init)
 .init          0x08004814        0x4 c:/program files (x86)/embitz/1.11/share/em_armgcc/bin/../lib/gcc/arm-none-eabi/5.4.1/armv7-m/crti.o
                0x08004814                _init
 .init          0x08004818        0x8 c:/program files (x86)/embitz/1.11/share/em_armgcc/bin/../lib/gcc/arm-none-eabi/5.4.1/armv7-m/crtn.o
 *(.fini)
 .fini          0x08004820        0x4 c:/program files (x86)/embitz/1.11/share/em_armgcc/bin/../lib/gcc/arm-none-eabi/5.4.1/armv7-m/crti.o
                0x08004820                _fini
 .fini          0x08004824        0x8 c:/program files (x86)/embitz/1.11/share/em_armgcc/bin/../lib/gcc/arm-none-eabi/5.4.1/armv7-m/crtn.o
                0x0800482c                . = ALIGN (0x4)
                0x0800482c                _etext = .

.vfp11_veneer   0x0800482c        0x0
 .vfp11_veneer  0x0800482c        0x0 linker stubs

.v4_bx          0x0800482c        0x0
 .v4_bx         0x0800482c        0x0 linker stubs

.iplt           0x0800482c        0x0
 .iplt          0x0800482c        0x0 c:/program files (x86)/embitz/1.11/share/em_armgcc/bin/../lib/gcc/arm-none-eabi/5.4.1/armv7-m/crtbegin.o

.rodata         0x0800482c      0x14c
                0x0800482c                . = ALIGN (0x4)
 *(.rodata)
 .rodata        0x0800482c       0x12 obj\release\drivers\stm32f1xx_hal_driver\src\stm32f1xx_hal_rcc.o
 *(.rodata*)
 *fill*         0x0800483e        0x2 
 .rodata.str1.4
                0x08004840        0x2 c:/program files (x86)/embitz/1.11/share/em_armgcc/bin/../lib/gcc/arm-none-eabi/5.4.1/../../../../arm-none-eabi/lib/armv7-m\libc.a(lib_a-impure.o)
 *fill*         0x08004842        0x2 
 .rodata._global_impure_ptr
                0x08004844        0x4 c:/program files (x86)/embitz/1.11/share/em_armgcc/bin/../lib/gcc/arm-none-eabi/5.4.1/../../../../arm-none-eabi/lib/armv7-m\libc.a(lib_a-impure.o)
                0x08004844                _global_impure_ptr
 .rodata.extendedScanCodesToUSBKeyCodes
                0x08004848       0x15 obj\release\src\main.o
 *fill*         0x0800485d        0x3 
 .rodata.regularScanCodesToUSBKeyCodes
                0x08004860       0x84 obj\release\src\main.o
 .rodata.AHBPrescTable
                0x080048e4       0x10 obj\release\src\system_stm32f1xx.o
                0x080048e4                AHBPrescTable
 .rodata.USBD_HID_MouseItrfFSDesc
                0x080048f4       0x19 obj\release\src\usb_device.o
 *fill*         0x0800490d        0x3 
 .rodata.USBD_HID_KeyboardItrfFSDesc
                0x08004910       0x19 obj\release\src\usb_device.o
 *fill*         0x08004929        0x3 
 .rodata.CSWTCH.4
                0x0800492c        0x4 obj\release\src\usbd_conf.o
 .rodata.str1.4
                0x08004930       0x48 obj\release\src\usbd_desc.o
                                 0x46 (size before relaxing)
                0x08004978                . = ALIGN (0x4)

.rel.dyn        0x08004978        0x0
 .rel.iplt      0x08004978        0x0 c:/program files (x86)/embitz/1.11/share/em_armgcc/bin/../lib/gcc/arm-none-eabi/5.4.1/armv7-m/crtbegin.o

.ARM.extab      0x08004978        0x0
                0x08004978                . = ALIGN (0x4)
 *(.ARM.extab* .gnu.linkonce.armextab.*)
                0x08004978                . = ALIGN (0x4)

.ARM            0x08004978        0x0
                0x08004978                . = ALIGN (0x4)
                0x08004978                __exidx_start = .
 *(.ARM.exidx*)
                0x08004978                __exidx_end = .
                0x08004978                . = ALIGN (0x4)

.preinit_array  0x08004978        0x0
                0x08004978                . = ALIGN (0x4)
                0x08004978                PROVIDE (__preinit_array_start, .)
 *(.preinit_array*)
                0x08004978                PROVIDE (__preinit_array_end, .)
                0x08004978                . = ALIGN (0x4)

.init_array     0x08004978        0x8
                0x08004978                . = ALIGN (0x4)
                0x08004978                PROVIDE (__init_array_start, .)
 *(SORT(.init_array.*))
 .init_array.00000
                0x08004978        0x4 c:/program files (x86)/embitz/1.11/share/em_armgcc/bin/../lib/gcc/arm-none-eabi/5.4.1/../../../../arm-none-eabi/lib/armv7-m\libc.a(lib_a-__call_atexit.o)
 *(.init_array*)
 .init_array    0x0800497c        0x4 c:/program files (x86)/embitz/1.11/share/em_armgcc/bin/../lib/gcc/arm-none-eabi/5.4.1/armv7-m/crtbegin.o
                0x08004980                PROVIDE (__init_array_end, .)
                0x08004980                . = ALIGN (0x4)

.fini_array     0x08004980        0x4
                0x08004980                . = ALIGN (0x4)
                0x08004980                PROVIDE (__fini_array_start, .)
 *(SORT(.fini_array.*))
 *(.fini_array*)
 .fini_array    0x08004980        0x4 c:/program files (x86)/embitz/1.11/share/em_armgcc/bin/../lib/gcc/arm-none-eabi/5.4.1/armv7-m/crtbegin.o
                0x08004984                PROVIDE (__fini_array_end, .)
                0x08004984                . = ALIGN (0x4)
                0x08004984                _sidata = LOADADDR (.data)

.data           0x20000000      0x664 load address 0x08004984
                0x20000000                . = ALIGN (0x4)
                0x20000000                _sdata = .
 *(.data)
 *(.data*)
 .data.impure_data
                0x20000000      0x428 c:/program files (x86)/embitz/1.11/share/em_armgcc/bin/../lib/gcc/arm-none-eabi/5.4.1/../../../../arm-none-eabi/lib/armv7-m\libc.a(lib_a-impure.o)
 .data.uwTickPrio
                0x20000428        0x4 obj\release\drivers\stm32f1xx_hal_driver\src\stm32f1xx_hal.o
                0x20000428                uwTickPrio
 .data.uwTickFreq
                0x2000042c        0x1 obj\release\drivers\stm32f1xx_hal_driver\src\stm32f1xx_hal.o
                0x2000042c                uwTickFreq
 *fill*         0x2000042d        0x3 
 .data.USBD_HID_CfgHSDesc
                0x20000430       0x22 obj\release\middlewares\st\stm32_usb_device_library\class\hid\src\usbd_hid.o
 *fill*         0x20000452        0x2 
 .data.USBD_HID
                0x20000454       0x38 obj\release\middlewares\st\stm32_usb_device_library\class\hid\src\usbd_hid.o
                0x20000454                USBD_HID
 .data.HID_MOUSE_ReportDesc
                0x2000048c       0x4a obj\release\middlewares\st\stm32_usb_device_library\class\hid\src\usbd_hid.o
 *fill*         0x200004d6        0x2 
 .data.USBD_HID_CfgFSDesc
                0x200004d8       0x22 obj\release\middlewares\st\stm32_usb_device_library\class\hid\src\usbd_hid.o
 *fill*         0x200004fa        0x2 
 .data.USBD_HID_Desc
                0x200004fc        0x9 obj\release\middlewares\st\stm32_usb_device_library\class\hid\src\usbd_hid.o
 *fill*         0x20000505        0x3 
 .data.USBD_HID_DeviceQualifierDesc
                0x20000508        0xa obj\release\middlewares\st\stm32_usb_device_library\class\hid\src\usbd_hid.o
 *fill*         0x20000512        0x2 
 .data.USBD_HID_OtherSpeedCfgDesc
                0x20000514       0x22 obj\release\middlewares\st\stm32_usb_device_library\class\hid\src\usbd_hid.o
 *fill*         0x20000536        0x2 
 .data.SystemCoreClock
                0x20000538        0x4 obj\release\src\system_stm32f1xx.o
                0x20000538                SystemCoreClock
 .data.HID_WHEEL_MOUSE_ReportDesc
                0x2000053c       0x44 obj\release\src\usb_device.o
 .data.USBD_HID_WHEEL_MOUSE_Desc
                0x20000580        0x9 obj\release\src\usb_device.o
 *fill*         0x20000589        0x3 
 .data.USBD_HID_CfgFSDesc
                0x2000058c       0x3b obj\release\src\usb_device.o
 *fill*         0x200005c7        0x1 
 .data.USBD_HID_KEYBOARD_Desc
                0x200005c8        0x9 obj\release\src\usb_device.o
 *fill*         0x200005d1        0x3 
 .data.HID_KEYBOARD_ReportDesc
                0x200005d4       0x3f obj\release\src\usb_device.o
 *fill*         0x20000613        0x1 
 .data.FS_Desc  0x20000614       0x1c obj\release\src\usbd_desc.o
                0x20000614                FS_Desc
 .data.USBD_LangIDDesc
                0x20000630        0x4 obj\release\src\usbd_desc.o
                0x20000630                USBD_LangIDDesc
 .data.USBD_StringSerial
                0x20000634       0x1a obj\release\src\usbd_desc.o
                0x20000634                USBD_StringSerial
 *fill*         0x2000064e        0x2 
 .data.USBD_FS_DeviceDesc
                0x20000650       0x12 obj\release\src\usbd_desc.o
                0x20000650                USBD_FS_DeviceDesc
                0x20000664                . = ALIGN (0x4)
 *fill*         0x20000662        0x2 
                0x20000664                _edata = .

.jcr            0x20000664        0x0 load address 0x08004fe8
 .jcr           0x20000664        0x0 c:/program files (x86)/embitz/1.11/share/em_armgcc/bin/../lib/gcc/arm-none-eabi/5.4.1/armv7-m/crtbegin.o

.igot.plt       0x20000664        0x0 load address 0x08004fe8
 .igot.plt      0x20000664        0x0 c:/program files (x86)/embitz/1.11/share/em_armgcc/bin/../lib/gcc/arm-none-eabi/5.4.1/armv7-m/crtbegin.o
                0x20000664                . = ALIGN (0x4)

.bss            0x20000664      0x7b0 load address 0x08004fe8
                0x20000664                _sbss = .
                0x20000664                __bss_start__ = _sbss
 *(.bss)
 .bss           0x20000664       0x1c c:/program files (x86)/embitz/1.11/share/em_armgcc/bin/../lib/gcc/arm-none-eabi/5.4.1/armv7-m/crtbegin.o
 *(.bss*)
 .bss.cfgidx.7715
                0x20000680        0x1 obj\release\middlewares\st\stm32_usb_device_library\core\src\usbd_ctlreq.o
 *fill*         0x20000681        0x3 
 .bss.mem.7755  0x20000684       0x14 obj\release\src\usbd_conf.o
 *(COMMON)
 COMMON         0x20000698        0x4 obj\release\drivers\stm32f1xx_hal_driver\src\stm32f1xx_hal.o
                0x20000698                uwTick
 COMMON         0x2000069c        0x8 obj\release\middlewares\st\stm32_usb_device_library\class\hid\src\usbd_hid.o
                0x2000069c                PS2_InterfaceMap
 COMMON         0x200006a4      0x140 obj\release\src\main.o
                0x200006a4                hhids
                0x200006c4                ps2_1
                0x20000754                ps2_2
 COMMON         0x200007e4      0x2c4 obj\release\src\usb_device.o
                0x200007e4                hUsbDeviceFS
 COMMON         0x20000aa8      0x2ec obj\release\src\usbd_conf.o
                0x20000aa8                hpcd_USB_FS
 COMMON         0x20000d94       0x80 obj\release\src\usbd_desc.o
                0x20000d94                USBD_StrDesc
                0x20000e14                . = ALIGN (0x4)
                0x20000e14                _ebss = .
                0x20000e14                __bss_end__ = _ebss

._user_heap_stack
                0x20000e14      0x604 load address 0x08004fe8
                0x20000e18                . = ALIGN (0x8)
 *fill*         0x20000e14        0x4 
                [!provide]                PROVIDE (end, .)
                0x20000e18                PROVIDE (_end, .)
                0x20001018                . = (. + _Min_Heap_Size)
 *fill*         0x20000e18      0x200 
                0x20001418                . = (. + _Min_Stack_Size)
 *fill*         0x20001018      0x400 
                0x20001418                . = ALIGN (0x8)

/DISCARD/
 libc.a(*)
 libm.a(*)
 libgcc.a(*)

.ARM.attributes
                0x00000000       0x29
 *(.ARM.attributes)
 .ARM.attributes
                0x00000000       0x1d c:/program files (x86)/embitz/1.11/share/em_armgcc/bin/../lib/gcc/arm-none-eabi/5.4.1/armv7-m/crti.o
 .ARM.attributes
                0x0000001d       0x2d c:/program files (x86)/embitz/1.11/share/em_armgcc/bin/../lib/gcc/arm-none-eabi/5.4.1/armv7-m/crtbegin.o
 .ARM.attributes
                0x0000004a       0x33 obj\release\drivers\stm32f1xx_hal_driver\src\stm32f1xx_hal.o
 .ARM.attributes
                0x0000007d       0x33 obj\release\drivers\stm32f1xx_hal_driver\src\stm32f1xx_hal_cortex.o
 .ARM.attributes
                0x000000b0       0x33 obj\release\drivers\stm32f1xx_hal_driver\src\stm32f1xx_hal_gpio.o
 .ARM.attributes
                0x000000e3       0x33 obj\release\drivers\stm32f1xx_hal_driver\src\stm32f1xx_hal_pcd.o
 .ARM.attributes
                0x00000116       0x33 obj\release\drivers\stm32f1xx_hal_driver\src\stm32f1xx_hal_pcd_ex.o
 .ARM.attributes
                0x00000149       0x33 obj\release\drivers\stm32f1xx_hal_driver\src\stm32f1xx_hal_rcc.o
 .ARM.attributes
                0x0000017c       0x33 obj\release\drivers\stm32f1xx_hal_driver\src\stm32f1xx_hal_rcc_ex.o
 .ARM.attributes
                0x000001af       0x33 obj\release\drivers\stm32f1xx_hal_driver\src\stm32f1xx_ll_usb.o
 .ARM.attributes
                0x000001e2       0x33 obj\release\middlewares\st\stm32_usb_device_library\class\hid\src\usbd_hid.o
 .ARM.attributes
                0x00000215       0x33 obj\release\middlewares\st\stm32_usb_device_library\core\src\usbd_core.o
 .ARM.attributes
                0x00000248       0x33 obj\release\middlewares\st\stm32_usb_device_library\core\src\usbd_ctlreq.o
 .ARM.attributes
                0x0000027b       0x33 obj\release\middlewares\st\stm32_usb_device_library\core\src\usbd_ioreq.o
 .ARM.attributes
                0x000002ae       0x33 obj\release\ps2\src\ps2_protocol.o
 .ARM.attributes
                0x000002e1       0x33 obj\release\src\main.o
 .ARM.attributes
                0x00000314       0x33 obj\release\src\stm32f1xx_hal_msp.o
 .ARM.attributes
                0x00000347       0x33 obj\release\src\stm32f1xx_it.o
 .ARM.attributes
                0x0000037a       0x33 obj\release\src\system_stm32f1xx.o
 .ARM.attributes
                0x000003ad       0x33 obj\release\src\usb_device.o
 .ARM.attributes
                0x000003e0       0x33 obj\release\src\usbd_conf.o
 .ARM.attributes
                0x00000413       0x33 obj\release\src\usbd_desc.o
 .ARM.attributes
                0x00000446       0x21 obj\release\startup\startup_stm32f103c8tx.o
 .ARM.attributes
                0x00000467       0x1d c:/program files (x86)/embitz/1.11/share/em_armgcc/bin/../lib/gcc/arm-none-eabi/5.4.1/armv7-m/crtn.o
LOAD obj\release\drivers\stm32f1xx_hal_driver\src\stm32f1xx_hal.o
LOAD obj\release\drivers\stm32f1xx_hal_driver\src\stm32f1xx_hal_cortex.o
LOAD obj\release\drivers\stm32f1xx_hal_driver\src\stm32f1xx_hal_dma.o
LOAD obj\release\drivers\stm32f1xx_hal_driver\src\stm32f1xx_hal_exti.o
LOAD obj\release\drivers\stm32f1xx_hal_driver\src\stm32f1xx_hal_flash.o
LOAD obj\release\drivers\stm32f1xx_hal_driver\src\stm32f1xx_hal_flash_ex.o
LOAD obj\release\drivers\stm32f1xx_hal_driver\src\stm32f1xx_hal_gpio.o
LOAD obj\release\drivers\stm32f1xx_hal_driver\src\stm32f1xx_hal_gpio_ex.o
LOAD obj\release\drivers\stm32f1xx_hal_driver\src\stm32f1xx_hal_pcd.o
LOAD obj\release\drivers\stm32f1xx_hal_driver\src\stm32f1xx_hal_pcd_ex.o
LOAD obj\release\drivers\stm32f1xx_hal_driver\src\stm32f1xx_hal_pwr.o
LOAD obj\release\drivers\stm32f1xx_hal_driver\src\stm32f1xx_hal_rcc.o
LOAD obj\release\drivers\stm32f1xx_hal_driver\src\stm32f1xx_hal_rcc_ex.o
LOAD obj\release\drivers\stm32f1xx_hal_driver\src\stm32f1xx_hal_tim.o
LOAD obj\release\drivers\stm32f1xx_hal_driver\src\stm32f1xx_hal_tim_ex.o
LOAD obj\release\drivers\stm32f1xx_hal_driver\src\stm32f1xx_ll_usb.o
LOAD obj\release\middlewares\st\stm32_usb_device_library\class\hid\src\usbd_hid.o
LOAD obj\release\middlewares\st\stm32_usb_device_library\core\src\usbd_core.o
LOAD obj\release\middlewares\st\stm32_usb_device_library\core\src\usbd_ctlreq.o
LOAD obj\release\middlewares\st\stm32_usb_device_library\core\src\usbd_ioreq.o
LOAD obj\release\ps2\src\ps2_protocol.o
LOAD obj\release\src\main.o
LOAD obj\release\src\stm32f1xx_hal_msp.o
LOAD obj\release\src\stm32f1xx_it.o
LOAD obj\release\src\syscalls.o
LOAD obj\release\src\sysmem.o
LOAD obj\release\src\system_stm32f1xx.o
LOAD obj\release\src\usb_device.o
LOAD obj\release\src\usbd_conf.o
LOAD obj\release\src\usbd_desc.o
LOAD obj\release\startup\startup_stm32f103c8tx.o
START GROUP
LOAD c:/program files (x86)/embitz/1.11/share/em_armgcc/bin/../lib/gcc/arm-none-eabi/5.4.1/armv7-m\libgcc.a
LOAD c:/program files (x86)/embitz/1.11/share/em_armgcc/bin/../lib/gcc/arm-none-eabi/5.4.1/../../../../arm-none-eabi/lib/armv7-m\libg_n.a
LOAD c:/program files (x86)/embitz/1.11/share/em_armgcc/bin/../lib/gcc/arm-none-eabi/5.4.1/../../../../arm-none-eabi/lib/armv7-m\libc_n.a
END GROUP
START GROUP
LOAD c:/program files (x86)/embitz/1.11/share/em_armgcc/bin/../lib/gcc/arm-none-eabi/5.4.1/armv7-m\libgcc.a
LOAD c:/program files (x86)/embitz/1.11/share/em_armgcc/bin/../lib/gcc/arm-none-eabi/5.4.1/../../../../arm-none-eabi/lib/armv7-m\libc_n.a
LOAD c:/program files (x86)/embitz/1.11/share/em_armgcc/bin/../lib/gcc/arm-none-eabi/5.4.1/../../../../arm-none-eabi/lib/armv7-m\libnosys_s.a
END GROUP
LOAD c:/program files (x86)/embitz/1.11/share/em_armgcc/bin/../lib/gcc/arm-none-eabi/5.4.1/armv7-m/crtend.o
LOAD c:/program files (x86)/embitz/1.11/share/em_armgcc/bin/../lib/gcc/arm-none-eabi/5.4.1/armv7-m/crtn.o
OUTPUT(bin\Release\stm103_nrf24l01p.elf elf32-littlearm)

.debug_info     0x00000000    0x10b64
 .debug_info    0x00000000      0x769 obj\release\drivers\stm32f1xx_hal_driver\src\stm32f1xx_hal.o
 .debug_info    0x00000769      0xc2b obj\release\drivers\stm32f1xx_hal_driver\src\stm32f1xx_hal_cortex.o
 .debug_info    0x00001394      0x5f9 obj\release\drivers\stm32f1xx_hal_driver\src\stm32f1xx_hal_gpio.o
 .debug_info    0x0000198d     0x15c8 obj\release\drivers\stm32f1xx_hal_driver\src\stm32f1xx_hal_pcd.o
 .debug_info    0x00002f55      0x66e obj\release\drivers\stm32f1xx_hal_driver\src\stm32f1xx_hal_pcd_ex.o
 .debug_info    0x000035c3      0x9c6 obj\release\drivers\stm32f1xx_hal_driver\src\stm32f1xx_hal_rcc.o
 .debug_info    0x00003f89      0x40b obj\release\drivers\stm32f1xx_hal_driver\src\stm32f1xx_hal_rcc_ex.o
 .debug_info    0x00004394     0x1926 obj\release\drivers\stm32f1xx_hal_driver\src\stm32f1xx_ll_usb.o
 .debug_info    0x00005cba      0xdb1 obj\release\middlewares\st\stm32_usb_device_library\class\hid\src\usbd_hid.o
 .debug_info    0x00006a6b      0xfd9 obj\release\middlewares\st\stm32_usb_device_library\core\src\usbd_core.o
 .debug_info    0x00007a44     0x12f5 obj\release\middlewares\st\stm32_usb_device_library\core\src\usbd_ctlreq.o
 .debug_info    0x00008d39      0xb2b obj\release\middlewares\st\stm32_usb_device_library\core\src\usbd_ioreq.o
 .debug_info    0x00009864      0xf0d obj\release\ps2\src\ps2_protocol.o
 .debug_info    0x0000a771     0x1c03 obj\release\src\main.o
 .debug_info    0x0000c374      0x5fd obj\release\src\stm32f1xx_hal_msp.o
 .debug_info    0x0000c971      0xa21 obj\release\src\stm32f1xx_it.o
 .debug_info    0x0000d392      0x238 obj\release\src\system_stm32f1xx.o
 .debug_info    0x0000d5ca     0x1002 obj\release\src\usb_device.o
 .debug_info    0x0000e5cc     0x1c1f obj\release\src\usbd_conf.o
 .debug_info    0x000101eb      0x979 obj\release\src\usbd_desc.o

.debug_abbrev   0x00000000     0x3124
 .debug_abbrev  0x00000000      0x225 obj\release\drivers\stm32f1xx_hal_driver\src\stm32f1xx_hal.o
 .debug_abbrev  0x00000225      0x2fb obj\release\drivers\stm32f1xx_hal_driver\src\stm32f1xx_hal_cortex.o
 .debug_abbrev  0x00000520      0x1bf obj\release\drivers\stm32f1xx_hal_driver\src\stm32f1xx_hal_gpio.o
 .debug_abbrev  0x000006df      0x33a obj\release\drivers\stm32f1xx_hal_driver\src\stm32f1xx_hal_pcd.o
 .debug_abbrev  0x00000a19      0x199 obj\release\drivers\stm32f1xx_hal_driver\src\stm32f1xx_hal_pcd_ex.o
 .debug_abbrev  0x00000bb2      0x291 obj\release\drivers\stm32f1xx_hal_driver\src\stm32f1xx_hal_rcc.o
 .debug_abbrev  0x00000e43      0x1b1 obj\release\drivers\stm32f1xx_hal_driver\src\stm32f1xx_hal_rcc_ex.o
 .debug_abbrev  0x00000ff4      0x26c obj\release\drivers\stm32f1xx_hal_driver\src\stm32f1xx_ll_usb.o
 .debug_abbrev  0x00001260      0x244 obj\release\middlewares\st\stm32_usb_device_library\class\hid\src\usbd_hid.o
 .debug_abbrev  0x000014a4      0x2e2 obj\release\middlewares\st\stm32_usb_device_library\core\src\usbd_core.o
 .debug_abbrev  0x00001786      0x369 obj\release\middlewares\st\stm32_usb_device_library\core\src\usbd_ctlreq.o
 .debug_abbrev  0x00001aef      0x1d5 obj\release\middlewares\st\stm32_usb_device_library\core\src\usbd_ioreq.o
 .debug_abbrev  0x00001cc4      0x331 obj\release\ps2\src\ps2_protocol.o
 .debug_abbrev  0x00001ff5      0x3e6 obj\release\src\main.o
 .debug_abbrev  0x000023db      0x143 obj\release\src\stm32f1xx_hal_msp.o
 .debug_abbrev  0x0000251e      0x1e4 obj\release\src\stm32f1xx_it.o
 .debug_abbrev  0x00002702      0x122 obj\release\src\system_stm32f1xx.o
 .debug_abbrev  0x00002824      0x35d obj\release\src\usb_device.o
 .debug_abbrev  0x00002b81      0x2fc obj\release\src\usbd_conf.o
 .debug_abbrev  0x00002e7d      0x2a7 obj\release\src\usbd_desc.o

.debug_loc      0x00000000     0x8ad1
 .debug_loc     0x00000000      0x12f obj\release\drivers\stm32f1xx_hal_driver\src\stm32f1xx_hal.o
 .debug_loc     0x0000012f      0x5d7 obj\release\drivers\stm32f1xx_hal_driver\src\stm32f1xx_hal_cortex.o
 .debug_loc     0x00000706      0x3a4 obj\release\drivers\stm32f1xx_hal_driver\src\stm32f1xx_hal_gpio.o
 .debug_loc     0x00000aaa     0x125e obj\release\drivers\stm32f1xx_hal_driver\src\stm32f1xx_hal_pcd.o
 .debug_loc     0x00001d08       0xbe obj\release\drivers\stm32f1xx_hal_driver\src\stm32f1xx_hal_pcd_ex.o
 .debug_loc     0x00001dc6      0x525 obj\release\drivers\stm32f1xx_hal_driver\src\stm32f1xx_hal_rcc.o
 .debug_loc     0x000022eb      0x2fb obj\release\drivers\stm32f1xx_hal_driver\src\stm32f1xx_hal_rcc_ex.o
 .debug_loc     0x000025e6     0x231e obj\release\drivers\stm32f1xx_hal_driver\src\stm32f1xx_ll_usb.o
 .debug_loc     0x00004904      0x4e6 obj\release\middlewares\st\stm32_usb_device_library\class\hid\src\usbd_hid.o
 .debug_loc     0x00004dea      0x81a obj\release\middlewares\st\stm32_usb_device_library\core\src\usbd_core.o
 .debug_loc     0x00005604      0xd50 obj\release\middlewares\st\stm32_usb_device_library\core\src\usbd_ctlreq.o
 .debug_loc     0x00006354      0x23c obj\release\middlewares\st\stm32_usb_device_library\core\src\usbd_ioreq.o
 .debug_loc     0x00006590      0x543 obj\release\ps2\src\ps2_protocol.o
 .debug_loc     0x00006ad3      0xa81 obj\release\src\main.o
 .debug_loc     0x00007554       0xcd obj\release\src\system_stm32f1xx.o
 .debug_loc     0x00007621      0x8b1 obj\release\src\usb_device.o
 .debug_loc     0x00007ed2      0x8d5 obj\release\src\usbd_conf.o
 .debug_loc     0x000087a7      0x32a obj\release\src\usbd_desc.o

.debug_aranges  0x00000000      0x910
 .debug_aranges
                0x00000000       0xd8 obj\release\drivers\stm32f1xx_hal_driver\src\stm32f1xx_hal.o
 .debug_aranges
                0x000000d8       0x90 obj\release\drivers\stm32f1xx_hal_driver\src\stm32f1xx_hal_cortex.o
 .debug_aranges
                0x00000168       0x58 obj\release\drivers\stm32f1xx_hal_driver\src\stm32f1xx_hal_gpio.o
 .debug_aranges
                0x000001c0       0xc8 obj\release\drivers\stm32f1xx_hal_driver\src\stm32f1xx_hal_pcd.o
 .debug_aranges
                0x00000288       0x28 obj\release\drivers\stm32f1xx_hal_driver\src\stm32f1xx_hal_pcd_ex.o
 .debug_aranges
                0x000002b0       0x88 obj\release\drivers\stm32f1xx_hal_driver\src\stm32f1xx_hal_rcc.o
 .debug_aranges
                0x00000338       0x30 obj\release\drivers\stm32f1xx_hal_driver\src\stm32f1xx_hal_rcc_ex.o
 .debug_aranges
                0x00000368       0xd0 obj\release\drivers\stm32f1xx_hal_driver\src\stm32f1xx_ll_usb.o
 .debug_aranges
                0x00000438       0x68 obj\release\middlewares\st\stm32_usb_device_library\class\hid\src\usbd_hid.o
 .debug_aranges
                0x000004a0       0xa8 obj\release\middlewares\st\stm32_usb_device_library\core\src\usbd_core.o
 .debug_aranges
                0x00000548       0x48 obj\release\middlewares\st\stm32_usb_device_library\core\src\usbd_ctlreq.o
 .debug_aranges
                0x00000590       0x50 obj\release\middlewares\st\stm32_usb_device_library\core\src\usbd_ioreq.o
 .debug_aranges
                0x000005e0       0x60 obj\release\ps2\src\ps2_protocol.o
 .debug_aranges
                0x00000640       0x60 obj\release\src\main.o
 .debug_aranges
                0x000006a0       0x20 obj\release\src\stm32f1xx_hal_msp.o
 .debug_aranges
                0x000006c0       0x68 obj\release\src\stm32f1xx_it.o
 .debug_aranges
                0x00000728       0x28 obj\release\src\system_stm32f1xx.o
 .debug_aranges
                0x00000750       0x58 obj\release\src\usb_device.o
 .debug_aranges
                0x000007a8      0x110 obj\release\src\usbd_conf.o
 .debug_aranges
                0x000008b8       0x58 obj\release\src\usbd_desc.o

.debug_ranges   0x00000000     0x13a0
 .debug_ranges  0x00000000       0xc8 obj\release\drivers\stm32f1xx_hal_driver\src\stm32f1xx_hal.o
 .debug_ranges  0x000000c8      0x130 obj\release\drivers\stm32f1xx_hal_driver\src\stm32f1xx_hal_cortex.o
 .debug_ranges  0x000001f8       0x60 obj\release\drivers\stm32f1xx_hal_driver\src\stm32f1xx_hal_gpio.o
 .debug_ranges  0x00000258      0x258 obj\release\drivers\stm32f1xx_hal_driver\src\stm32f1xx_hal_pcd.o
 .debug_ranges  0x000004b0       0x18 obj\release\drivers\stm32f1xx_hal_driver\src\stm32f1xx_hal_pcd_ex.o
 .debug_ranges  0x000004c8       0xf8 obj\release\drivers\stm32f1xx_hal_driver\src\stm32f1xx_hal_rcc.o
 .debug_ranges  0x000005c0       0x50 obj\release\drivers\stm32f1xx_hal_driver\src\stm32f1xx_hal_rcc_ex.o
 .debug_ranges  0x00000610      0x650 obj\release\drivers\stm32f1xx_hal_driver\src\stm32f1xx_ll_usb.o
 .debug_ranges  0x00000c60       0x58 obj\release\middlewares\st\stm32_usb_device_library\class\hid\src\usbd_hid.o
 .debug_ranges  0x00000cb8       0x98 obj\release\middlewares\st\stm32_usb_device_library\core\src\usbd_core.o
 .debug_ranges  0x00000d50       0xe8 obj\release\middlewares\st\stm32_usb_device_library\core\src\usbd_ctlreq.o
 .debug_ranges  0x00000e38       0x40 obj\release\middlewares\st\stm32_usb_device_library\core\src\usbd_ioreq.o
 .debug_ranges  0x00000e78       0xb0 obj\release\ps2\src\ps2_protocol.o
 .debug_ranges  0x00000f28      0x1c8 obj\release\src\main.o
 .debug_ranges  0x000010f0       0x48 obj\release\src\stm32f1xx_hal_msp.o
 .debug_ranges  0x00001138       0x58 obj\release\src\stm32f1xx_it.o
 .debug_ranges  0x00001190       0x18 obj\release\src\system_stm32f1xx.o
 .debug_ranges  0x000011a8       0x60 obj\release\src\usb_device.o
 .debug_ranges  0x00001208      0x130 obj\release\src\usbd_conf.o
 .debug_ranges  0x00001338       0x68 obj\release\src\usbd_desc.o

.debug_line     0x00000000     0x4d66
 .debug_line    0x00000000      0x3c2 obj\release\drivers\stm32f1xx_hal_driver\src\stm32f1xx_hal.o
 .debug_line    0x000003c2      0x37b obj\release\drivers\stm32f1xx_hal_driver\src\stm32f1xx_hal_cortex.o
 .debug_line    0x0000073d      0x3b4 obj\release\drivers\stm32f1xx_hal_driver\src\stm32f1xx_hal_gpio.o
 .debug_line    0x00000af1      0x740 obj\release\drivers\stm32f1xx_hal_driver\src\stm32f1xx_hal_pcd.o
 .debug_line    0x00001231      0x215 obj\release\drivers\stm32f1xx_hal_driver\src\stm32f1xx_hal_pcd_ex.o
 .debug_line    0x00001446      0x5bc obj\release\drivers\stm32f1xx_hal_driver\src\stm32f1xx_hal_rcc.o
 .debug_line    0x00001a02      0x2fc obj\release\drivers\stm32f1xx_hal_driver\src\stm32f1xx_hal_rcc_ex.o
 .debug_line    0x00001cfe      0x79c obj\release\drivers\stm32f1xx_hal_driver\src\stm32f1xx_ll_usb.o
 .debug_line    0x0000249a      0x3a5 obj\release\middlewares\st\stm32_usb_device_library\class\hid\src\usbd_hid.o
 .debug_line    0x0000283f      0x430 obj\release\middlewares\st\stm32_usb_device_library\core\src\usbd_core.o
 .debug_line    0x00002c6f      0x3e2 obj\release\middlewares\st\stm32_usb_device_library\core\src\usbd_ctlreq.o
 .debug_line    0x00003051      0x27b obj\release\middlewares\st\stm32_usb_device_library\core\src\usbd_ioreq.o
 .debug_line    0x000032cc      0x403 obj\release\ps2\src\ps2_protocol.o
 .debug_line    0x000036cf      0x558 obj\release\src\main.o
 .debug_line    0x00003c27      0x190 obj\release\src\stm32f1xx_hal_msp.o
 .debug_line    0x00003db7      0x2a7 obj\release\src\stm32f1xx_it.o
 .debug_line    0x0000405e      0x1a5 obj\release\src\system_stm32f1xx.o
 .debug_line    0x00004203      0x409 obj\release\src\usb_device.o
 .debug_line    0x0000460c      0x4d4 obj\release\src\usbd_conf.o
 .debug_line    0x00004ae0      0x286 obj\release\src\usbd_desc.o

.debug_str      0x00000000     0x31f4
 .debug_str     0x00000000      0x7ef obj\release\drivers\stm32f1xx_hal_driver\src\stm32f1xx_hal.o
                                0x84b (size before relaxing)
 .debug_str     0x000007ef      0x3c6 obj\release\drivers\stm32f1xx_hal_driver\src\stm32f1xx_hal_cortex.o
                                0x8f4 (size before relaxing)
 .debug_str     0x00000bb5      0x1c6 obj\release\drivers\stm32f1xx_hal_driver\src\stm32f1xx_hal_gpio.o
                                0x433 (size before relaxing)
 .debug_str     0x00000d7b      0x766 obj\release\drivers\stm32f1xx_hal_driver\src\stm32f1xx_hal_pcd.o
                                0x9f9 (size before relaxing)
 .debug_str     0x000014e1      0x11f obj\release\drivers\stm32f1xx_hal_driver\src\stm32f1xx_hal_pcd_ex.o
                                0x68a (size before relaxing)
 .debug_str     0x00001600      0x343 obj\release\drivers\stm32f1xx_hal_driver\src\stm32f1xx_hal_rcc.o
                                0x65e (size before relaxing)
 .debug_str     0x00001943      0x128 obj\release\drivers\stm32f1xx_hal_driver\src\stm32f1xx_hal_rcc_ex.o
                                0x406 (size before relaxing)
 .debug_str     0x00001a6b       0xff obj\release\drivers\stm32f1xx_hal_driver\src\stm32f1xx_ll_usb.o
                                0x6d8 (size before relaxing)
 .debug_str     0x00001b6a      0x8d6 obj\release\middlewares\st\stm32_usb_device_library\class\hid\src\usbd_hid.o
                                0xb5c (size before relaxing)
 .debug_str     0x00002440      0x289 obj\release\middlewares\st\stm32_usb_device_library\core\src\usbd_core.o
                                0xb66 (size before relaxing)
 .debug_str     0x000026c9      0x118 obj\release\middlewares\st\stm32_usb_device_library\core\src\usbd_ctlreq.o
                                0xa98 (size before relaxing)
 .debug_str     0x000027e1       0x76 obj\release\middlewares\st\stm32_usb_device_library\core\src\usbd_ioreq.o
                                0x9c5 (size before relaxing)
 .debug_str     0x00002857      0x217 obj\release\ps2\src\ps2_protocol.o
                                0x7bf (size before relaxing)
 .debug_str     0x00002a6e      0x251 obj\release\src\main.o
                               0x122b (size before relaxing)
 .debug_str     0x00002cbf       0x24 obj\release\src\stm32f1xx_hal_msp.o
                                0x59e (size before relaxing)
 .debug_str     0x00002ce3       0xd3 obj\release\src\stm32f1xx_it.o
                                0x95c (size before relaxing)
 .debug_str     0x00002db6       0x4a obj\release\src\system_stm32f1xx.o
                                0x282 (size before relaxing)
 .debug_str     0x00002e00      0x10b obj\release\src\usb_device.o
                                0xc0e (size before relaxing)
 .debug_str     0x00002f0b      0x187 obj\release\src\usbd_conf.o
                               0x14d5 (size before relaxing)
 .debug_str     0x00003092      0x162 obj\release\src\usbd_desc.o
                                0x7a4 (size before relaxing)

.comment        0x00000000       0x6e
 .comment       0x00000000       0x6e obj\release\drivers\stm32f1xx_hal_driver\src\stm32f1xx_hal.o
                                 0x6f (size before relaxing)
 .comment       0x0000006e       0x6f obj\release\drivers\stm32f1xx_hal_driver\src\stm32f1xx_hal_cortex.o
 .comment       0x0000006e       0x6f obj\release\drivers\stm32f1xx_hal_driver\src\stm32f1xx_hal_gpio.o
 .comment       0x0000006e       0x6f obj\release\drivers\stm32f1xx_hal_driver\src\stm32f1xx_hal_pcd.o
 .comment       0x0000006e       0x6f obj\release\drivers\stm32f1xx_hal_driver\src\stm32f1xx_hal_pcd_ex.o
 .comment       0x0000006e       0x6f obj\release\drivers\stm32f1xx_hal_driver\src\stm32f1xx_hal_rcc.o
 .comment       0x0000006e       0x6f obj\release\drivers\stm32f1xx_hal_driver\src\stm32f1xx_hal_rcc_ex.o
 .comment       0x0000006e       0x6f obj\release\drivers\stm32f1xx_hal_driver\src\stm32f1xx_ll_usb.o
 .comment       0x0000006e       0x6f obj\release\middlewares\st\stm32_usb_device_library\class\hid\src\usbd_hid.o
 .comment       0x0000006e       0x6f obj\release\middlewares\st\stm32_usb_device_library\core\src\usbd_core.o
 .comment       0x0000006e       0x6f obj\release\middlewares\st\stm32_usb_device_library\core\src\usbd_ctlreq.o
 .comment       0x0000006e       0x6f obj\release\middlewares\st\stm32_usb_device_library\core\src\usbd_ioreq.o
 .comment       0x0000006e       0x6f obj\release\ps2\src\ps2_protocol.o
 .comment       0x0000006e       0x6f obj\release\src\main.o
 .comment       0x0000006e       0x6f obj\release\src\stm32f1xx_hal_msp.o
 .comment       0x0000006e       0x6f obj\release\src\stm32f1xx_it.o
 .comment       0x0000006e       0x6f obj\release\src\system_stm32f1xx.o
 .comment       0x0000006e       0x6f obj\release\src\usb_device.o
 .comment       0x0000006e       0x6f obj\release\src\usbd_conf.o
 .comment       0x0000006e       0x6f obj\release\src\usbd_desc.o

.debug_frame    0x00000000     0x1774
 .debug_frame   0x00000000      0x1d4 obj\release\drivers\stm32f1xx_hal_driver\src\stm32f1xx_hal.o
 .debug_frame   0x000001d4      0x13c obj\release\drivers\stm32f1xx_hal_driver\src\stm32f1xx_hal_cortex.o
 .debug_frame   0x00000310       0xec obj\release\drivers\stm32f1xx_hal_driver\src\stm32f1xx_hal_gpio.o
 .debug_frame   0x000003fc      0x2f4 obj\release\drivers\stm32f1xx_hal_driver\src\stm32f1xx_hal_pcd.o
 .debug_frame   0x000006f0       0x50 obj\release\drivers\stm32f1xx_hal_driver\src\stm32f1xx_hal_pcd_ex.o
 .debug_frame   0x00000740      0x19c obj\release\drivers\stm32f1xx_hal_driver\src\stm32f1xx_hal_rcc.o
 .debug_frame   0x000008dc       0x7c obj\release\drivers\stm32f1xx_hal_driver\src\stm32f1xx_hal_rcc_ex.o
 .debug_frame   0x00000958      0x274 obj\release\drivers\stm32f1xx_hal_driver\src\stm32f1xx_ll_usb.o
 .debug_frame   0x00000bcc       0xec obj\release\middlewares\st\stm32_usb_device_library\class\hid\src\usbd_hid.o
 .debug_frame   0x00000cb8      0x1c4 obj\release\middlewares\st\stm32_usb_device_library\core\src\usbd_core.o
 .debug_frame   0x00000e7c       0xc8 obj\release\middlewares\st\stm32_usb_device_library\core\src\usbd_ctlreq.o
 .debug_frame   0x00000f44       0xb8 obj\release\middlewares\st\stm32_usb_device_library\core\src\usbd_ioreq.o
 .debug_frame   0x00000ffc       0xf4 obj\release\ps2\src\ps2_protocol.o
 .debug_frame   0x000010f0      0x110 obj\release\src\main.o
 .debug_frame   0x00001200       0x28 obj\release\src\stm32f1xx_hal_msp.o
 .debug_frame   0x00001228       0xd0 obj\release\src\stm32f1xx_it.o
 .debug_frame   0x000012f8       0x30 obj\release\src\system_stm32f1xx.o
 .debug_frame   0x00001328      0x100 obj\release\src\usb_device.o
 .debug_frame   0x00001428      0x284 obj\release\src\usbd_conf.o
 .debug_frame   0x000016ac       0xc8 obj\release\src\usbd_desc.o
